Thu Oct  8 08:32:50 EDT 2026
LEAN_NUM_THREADS=1
✔ [8923/8930] Built PrimeNumberTheoremAnd.SiegelZeros.Products (52s)
✔ [8924/8930] Built PrimeNumberTheoremAnd.SiegelZeros.Counting (34s)
✔ [8925/8930] Built PrimeNumberTheoremAnd.SiegelZeros.DivisorBasics (33s)
✔ [8927/9242] Built PrimeNumberTheoremAnd.SiegelZeros.DivisorProducts (35s)
✔ [8928/9242] Built PrimeNumberTheoremAnd.SiegelZeros.DivisorLimits (35s)
✔ [8929/9242] Built PrimeNumberTheoremAnd.SiegelZeros.CartanBounds (42s)
✔ [8986/9242] Built OAI.NumberTheory.SiegelZeros.Model (31s)
✔ [8987/9242] Built PrimeNumberTheoremAnd.SiegelZeros.Factorization (32s)
✔ [8988/9242] Built PrimeNumberTheoremAnd.SiegelZeros.ProductBounds (40s)
✔ [9012/9242] Built PrimeNumberTheoremAnd.SiegelZeros.Summability (33s)
✔ [9013/9242] Built PrimeNumberTheoremAnd.SiegelZeros.Exponential (38s)
✔ [9014/9242] Built OAI.NumberTheory.SiegelZeros.Characters.SquarefreeRadicands (18s)
✔ [9015/9242] Built OAI.NumberTheory.SiegelZeros.Estimates.GenuineSequence (30s)
✔ [9016/9242] Built OAI.NumberTheory.SiegelZeros.Differentials.DerivativeBound (15s)
✔ [9017/9242] Built OAI.NumberTheory.SiegelZeros.Structure.RectangleGenerators (14s)
✔ [9018/9242] Built OAI.NumberTheory.SiegelZeros.Determinants.ThetaDivisibility (15s)
✔ [9019/9242] Built OAI.NumberTheory.SiegelZeros.Differentials.DerivativeMatrix (13s)
✔ [9020/9242] Built OAI.NumberTheory.SiegelZeros.Selection.SelectionBridge (19s)
✔ [9021/9242] Built OAI.NumberTheory.SiegelZeros.LocalAlgebra.PrimeResidueAlgebraEquiv (13s)
✔ [9022/9242] Built OAI.NumberTheory.SiegelZeros.LocalAlgebra.ConeRegularSequence (14s)
✔ [9023/9242] Built OAI.NumberTheory.SiegelZeros.Intersection.TorusProjectiveClosure (20s)
✔ [9024/9242] Built OAI.NumberTheory.SiegelZeros.Hilbert.HomogeneousComponentLength (13s)
✔ [9025/9242] Built OAI.NumberTheory.SiegelZeros.Intersection.LocalIntersectionFormula (21s)
✔ [9026/9242] Built OAI.NumberTheory.SiegelZeros.LocalAlgebra.AffineResidueTranscendence (17s)
✔ [9027/9242] Built OAI.NumberTheory.SiegelZeros.Hilbert.HilbertZeroVariables (15s)
✔ [9028/9242] Built OAI.NumberTheory.SiegelZeros.Structure.SplitClosedPointCompatibility (15s)
✔ [9029/9242] Built OAI.NumberTheory.SiegelZeros.LocalAlgebra.ParameterIntegration (14s)
✔ [9030/9242] Built OAI.NumberTheory.SiegelZeros.LocalAlgebra.RegularSequenceAugmentation (14s)
✔ [9031/9242] Built OAI.NumberTheory.SiegelZeros.Estimates.KoszulBounded (17s)
✔ [9032/9242] Built OAI.NumberTheory.SiegelZeros.Differentials.CotangentGeneration (13s)
✔ [9033/9242] Built OAI.NumberTheory.SiegelZeros.Determinants.NormalizedCompletion (18s)
✔ [9034/9242] Built OAI.NumberTheory.SiegelZeros.EntireFunctions.AffineCircles (17s)
✔ [9035/9242] Built PrimeNumberTheoremAnd.SiegelZeros.Growth (35s)
✔ [9036/9242] Built OAI.NumberTheory.SiegelZeros.LocalAlgebra.SequenceParameters (30s)
✔ [9037/9242] Built OAI.NumberTheory.SiegelZeros.LocalAlgebra.PolynomialBridge (12s)
WATCHDOG: free space 2535 MB < 2560 MB, stopping build
