Thu Oct  8 09:46:22 EDT 2026
LEAN_NUM_THREADS=3
✔ [9006/9242] Built OAI.NumberTheory.SiegelZeros.LocalAlgebra.JetCoefficients (20s)
✔ [9007/9242] Built OAI.NumberTheory.SiegelZeros.LocalAlgebra.RectangularLocalization (20s)
✔ [9008/9242] Built OAI.NumberTheory.SiegelZeros.Structure.SignedDiscriminant (26s)
✔ [9009/9242] Built OAI.NumberTheory.SiegelZeros.Structure.ThetaJetBridge (16s)
✔ [9018/9242] Built OAI.NumberTheory.SiegelZeros.Structure.GaussLegendre (17s)
✔ [9019/9242] Built OAI.NumberTheory.SiegelZeros.Structure.FiniteLower (23s)
✔ [9029/9242] Built OAI.NumberTheory.SiegelZeros.Structure.FiberCount (17s)
✔ [9030/9242] Built OAI.NumberTheory.SiegelZeros.Structure.RealCutoff (18s)
✔ [9031/9242] Built OAI.NumberTheory.SiegelZeros.LocalAlgebra.ResidueMap (21s)
✔ [9032/9242] Built OAI.NumberTheory.SiegelZeros.LocalAlgebra.GenericRegularity (17s)
✔ [9034/9242] Built OAI.NumberTheory.SiegelZeros.Determinants.GenericNormalizationFinite (20s)
✔ [9035/9242] Built OAI.NumberTheory.SiegelZeros.Structure.IdentityHeight (17s)
✔ [9036/9242] Built OAI.NumberTheory.SiegelZeros.LocalAlgebra.LocalizedOneCutPropagation (18s)
✔ [9037/9242] Built OAI.NumberTheory.SiegelZeros.LocalAlgebra.RegularPrefixLocalization (21s)
✔ [9038/9242] Built OAI.NumberTheory.SiegelZeros.LocalAlgebra.RegularSequenceSeries (14s)
✔ [9039/9242] Built OAI.NumberTheory.SiegelZeros.Characters.CharacterLegendre (19s)
✔ [9040/9242] Built OAI.NumberTheory.SiegelZeros.LocalAlgebra.ColonSeriesTelescope (14s)
✔ [9043/9242] Built OAI.NumberTheory.SiegelZeros.Structure.KoszulTopTerm (21s)
✔ [9045/9242] Built OAI.NumberTheory.SiegelZeros.LocalAlgebra.AffineClosedPointLocalization (25s)
✔ [9046/9242] Built OAI.NumberTheory.SiegelZeros.Structure.IteratedKoszulExactness (22s)
✔ [9047/9242] Built OAI.NumberTheory.SiegelZeros.Differentials.GammaFactorDerivative (24s)
✔ [9048/9242] Built OAI.NumberTheory.SiegelZeros.Selection.EventuallyPivots (26s)
✔ [9049/9242] Built OAI.NumberTheory.SiegelZeros.Selection.PivotReindexing (23s)
✔ [9050/9242] Built OAI.NumberTheory.SiegelZeros.Determinants.RectangleDeterminant (21s)
✔ [9051/9242] Built OAI.NumberTheory.SiegelZeros.Selection.OrderedGreedyRows (20s)
✔ [9052/9242] Built OAI.NumberTheory.SiegelZeros.Estimates.AffineAsymptotics (21s)
✔ [9053/9242] Built OAI.NumberTheory.SiegelZeros.Intersection.TorusPolynomial (19s)
✔ [9054/9242] Built OAI.NumberTheory.SiegelZeros.Intersection.LocalPrefixCutDimension (20s)
✔ [9055/9242] Built OAI.NumberTheory.SiegelZeros.Differentials.SelectedCotangent (28s)
✔ [9058/9242] Built OAI.NumberTheory.SiegelZeros.Structure.GaussFixedField (23s)
✔ [9060/9242] Built OAI.NumberTheory.SiegelZeros.Hilbert.ProperHypersurfaceHilbert (22s)
✔ [9061/9242] Built OAI.NumberTheory.SiegelZeros.Differentials.KoszulTopDifferential (20s)
✔ [9062/9242] Built OAI.NumberTheory.SiegelZeros.Selection.CoordinateBasisSplitting (15s)
✔ [9063/9242] Built OAI.NumberTheory.SiegelZeros.Structure.EventuallyInputs (18s)
✔ [9064/9242] Built OAI.NumberTheory.SiegelZeros.Determinants.DeterminantComparison (21s)
✔ [9065/9242] Built OAI.NumberTheory.SiegelZeros.Structure.CodimensionOne (17s)
✔ [9066/9242] Built OAI.NumberTheory.SiegelZeros.Differentials.DerivativeGeneratorBridge (18s)
✔ [9068/9242] Built OAI.NumberTheory.SiegelZeros.Structure.Factorization (17s)
✔ [9070/9242] Built OAI.NumberTheory.SiegelZeros.Determinants.NormalSurjectivity (18s)
✔ [9071/9242] Built OAI.NumberTheory.SiegelZeros.LocalAlgebra.GaussMinimalPolynomial (18s)
✔ [9072/9242] Built OAI.NumberTheory.SiegelZeros.Hilbert.PrimeHilbertComparison (23s)
✔ [9073/9242] Built OAI.NumberTheory.SiegelZeros.Structure.KoszulDualInitial (20s)
✔ [9074/9242] Built OAI.NumberTheory.SiegelZeros.LocalAlgebra.PolynomialLocalRegularParameters (16s)
✔ [9075/9242] Built OAI.NumberTheory.SiegelZeros.Selection.EventualSelection (18s)
✔ [9076/9242] Built OAI.NumberTheory.SiegelZeros.Intersection.DivisorSmoothness (20s)
✔ [9078/9242] Built OAI.NumberTheory.SiegelZeros.Structure.ConcreteArchimedean (23s)
✔ [9079/9242] Built OAI.NumberTheory.SiegelZeros.Structure.HeightFourIdentity (18s)
✔ [9080/9242] Built OAI.NumberTheory.SiegelZeros.LocalAlgebra.LocalResidueTaylor (17s)
✔ [9081/9242] Built OAI.NumberTheory.SiegelZeros.Characters.GaussSquarefreeBridge (18s)
✔ [9082/9242] Built OAI.NumberTheory.SiegelZeros.Determinants.IntegralGaussReduction (18s)
✔ [9083/9242] Built OAI.NumberTheory.SiegelZeros.Structure.PrimeDegreeExistence (18s)
✔ [9084/9242] Built OAI.NumberTheory.SiegelZeros.Intersection.PrimeHypersurfaceEquidimension (20s)
✔ [9085/9242] Built OAI.NumberTheory.SiegelZeros.LocalAlgebra.RegularParameterSelectionLemmas (29s)
✔ [9088/9242] Built OAI.NumberTheory.SiegelZeros.Structure.CanonicalDivisorScalars (22s)
✔ [9089/9242] Built OAI.NumberTheory.SiegelZeros.Determinants.GeneratedGreedyDivisibility (24s)
✔ [9090/9242] Built OAI.NumberTheory.SiegelZeros.Characters.CharacterFrobenius (21s)
✔ [9093/9242] Built OAI.NumberTheory.SiegelZeros.Hilbert.HilbertMultiplicityFiltration (21s)
✔ [9094/9242] Built OAI.NumberTheory.SiegelZeros.Structure.SelectedComponentTaylor (32s)
✔ [9095/9242] Built OAI.NumberTheory.SiegelZeros.Selection.CoordinateConstancy (19s)
✔ [9096/9242] Built OAI.NumberTheory.SiegelZeros.LocalAlgebra.GlobalStalkExtension (19s)
✔ [9098/9242] Built OAI.NumberTheory.SiegelZeros.LocalAlgebra.GenericResidueFunctionField (19s)
✔ [9099/9242] Built OAI.NumberTheory.SiegelZeros.Structure.ConcreteArchimedeanBridge (21s)
✔ [9100/9242] Built OAI.NumberTheory.SiegelZeros.Structure.Radicand (18s)
✔ [9101/9242] Built OAI.NumberTheory.SiegelZeros.Structure.PrimeCutBudget (19s)
✔ [9102/9242] Built OAI.NumberTheory.SiegelZeros.Estimates.ComponentMultiplicityBound (18s)
✔ [9103/9242] Built OAI.NumberTheory.SiegelZeros.LocalAlgebra.SelectedLengthContradiction (18s)
✔ [9104/9242] Built OAI.NumberTheory.SiegelZeros.Differentials.UnconditionalGlobalLogform (21s)
✔ [9105/9242] Built OAI.NumberTheory.SiegelZeros.Characters.CharacterDeterminant (21s)
✔ [9106/9242] Built OAI.NumberTheory.SiegelZeros.Intersection.RetainedIntersectionCycles (21s)
✔ [9107/9242] Built OAI.NumberTheory.SiegelZeros.Intersection.CompleteIntersectionComponentBound (20s)
✔ [9108/9242] Built OAI.NumberTheory.SiegelZeros.Structure.RectanglePresentation (21s)
✔ [9109/9242] Built OAI.NumberTheory.SiegelZeros.Structure.Augmentation (18s)
✔ [9110/9242] Built PrimeNumberTheoremAnd.SiegelZeros.HadamardSupport (66s)
✔ [9111/9242] Built OAI.NumberTheory.SiegelZeros.Structure.MultiplicityCycles (21s)
✔ [9112/9242] Built OAI.NumberTheory.SiegelZeros.Determinants.NormalSelection (34s)
✔ [9113/9242] Built OAI.NumberTheory.SiegelZeros.Differentials.RectangleCotangentBasis (20s)
✔ [9114/9242] Built OAI.NumberTheory.SiegelZeros.Characters.IntegerCharacter (37s)
✔ [9115/9242] Built OAI.NumberTheory.SiegelZeros.EntireFunctions.MellinConvergentTopIndicator (40s)
✔ [9116/9242] Built OAI.NumberTheory.SiegelZeros.Characters.BiquadraticBasis (45s)
✔ [9117/9242] Built OAI.NumberTheory.SiegelZeros.Determinants.IntegralDeterminantTransport (31s)
✔ [9118/9242] Built OAI.NumberTheory.SiegelZeros.Structure.CharacterEstimates (36s)
✔ [9119/9242] Built OAI.NumberTheory.SiegelZeros.Selection.JetRowAutCongr (32s)
✔ [9120/9242] Built OAI.NumberTheory.SiegelZeros.Determinants.NormalizedMasterBound (33s)
✔ [9121/9242] Built OAI.NumberTheory.SiegelZeros.Selection.GreedyPivots (35s)
✔ [9122/9242] Built OAI.NumberTheory.SiegelZeros.LocalAlgebra.MonicSMulRegularQuotientMapC (34s)
✔ [9123/9242] Built OAI.NumberTheory.SiegelZeros.Structure.DominantFunctionFieldHom (37s)
✔ [9124/9242] Built OAI.NumberTheory.SiegelZeros.Structure.ConeMap (42s)
✔ [9125/9242] Built OAI.NumberTheory.SiegelZeros.Structure.LinearShearHom (49s)
✔ [9126/9242] Built OAI.NumberTheory.SiegelZeros.Structure.ArithFrobIntegerGlobalCongruence (30s)
✔ [9127/9242] Built OAI.NumberTheory.SiegelZeros.LocalAlgebra.RegularCutHistory (21s)
✔ [9128/9242] Built OAI.NumberTheory.SiegelZeros.Selection.GlobalWeightSortedJetEquiv (31s)
✔ [9129/9242] Built OAI.NumberTheory.SiegelZeros.LocalAlgebra.ResidueDirectionSelection (28s)
✔ [9130/9242] Built OAI.NumberTheory.SiegelZeros.LocalAlgebra.HeightFourLength (31s)
✔ [9131/9242] Built OAI.NumberTheory.SiegelZeros.Characters.ConductorCompletedL (37s)
✔ [9132/9242] Built OAI.NumberTheory.SiegelZeros.Determinants.SqrtPairFrobeniusDirections (34s)
✔ [9133/9242] Built OAI.NumberTheory.SiegelZeros.Characters.BiquadraticThetaMap (31s)
✔ [9134/9242] Built OAI.NumberTheory.SiegelZeros.Structure.NotEventuallyMaster (34s)
✔ [9135/9242] Built OAI.NumberTheory.SiegelZeros.Structure.SumCardFilterSumMin (30s)
✔ [9136/9242] Built OAI.NumberTheory.SiegelZeros.Selection.WeightedJetIndices (32s)
✔ [9137/9242] Built OAI.NumberTheory.SiegelZeros.LocalAlgebra.LocalQuotientEquiv (38s)
✔ [9138/9242] Built OAI.NumberTheory.SiegelZeros.Determinants.GenericNormalization (33s)
✔ [9139/9242] Built OAI.NumberTheory.SiegelZeros.Structure.Homogenize (34s)
✔ [9140/9242] Built OAI.NumberTheory.SiegelZeros.Hilbert.HomogeneousListHistory (19s)
✔ [9141/9242] Built OAI.NumberTheory.SiegelZeros.Characters.RealLogDerivConductorCompletedLDivisorTsum (34s)
✔ [9142/9242] Built OAI.NumberTheory.SiegelZeros.Structure.QuadraticAdjoinBasis (33s)
✔ [9143/9242] Built OAI.NumberTheory.SiegelZeros.Characters.FrobeniusRetainedCharacterField (33s)
✔ [9144/9242] Built OAI.NumberTheory.SiegelZeros.Structure.MapIInfPrimesOver (30s)
✔ [9145/9242] Built OAI.NumberTheory.SiegelZeros.LocalAlgebra.ParameterIdeal (34s)
✔ [9146/9242] Built OAI.NumberTheory.SiegelZeros.Hilbert.HomogeneousDeformation (37s)
✔ [9147/9242] Built OAI.NumberTheory.SiegelZeros.Intersection.IsolatedBezoutFromRegularSelection (21s)
✔ [9148/9242] Built OAI.NumberTheory.SiegelZeros.LocalAlgebra.AffineProjChartPolynomialEquiv (32s)
✔ [9149/9242] Built OAI.NumberTheory.SiegelZeros.LocalAlgebra.CoeffPolynomialEvalMul (30s)
✔ [9150/9242] Built OAI.NumberTheory.SiegelZeros.EntireFunctions.CompletedLAnalyticOrderNeTop (32s)
✔ [9151/9242] Built OAI.NumberTheory.SiegelZeros.Structure.SumLogPrimeFactors (36s)
✔ [9152/9242] Built OAI.NumberTheory.SiegelZeros.Characters.BiquadraticGoodPrimeUnramified (30s)
✔ [9153/9242] Built OAI.NumberTheory.SiegelZeros.Structure.SqrtTwoField (33s)
✔ [9154/9242] Built OAI.NumberTheory.SiegelZeros.LocalAlgebra.DegreeSliceQuotientEquiv (30s)
✔ [9155/9242] Built OAI.NumberTheory.SiegelZeros.Structure.DegreeMap (37s)
✔ [9156/9242] Built OAI.NumberTheory.SiegelZeros.Structure.ArithmeticCutoffTransport (24s)
✔ [9157/9242] Built OAI.NumberTheory.SiegelZeros.LocalAlgebra.LocalFractionAlgebra (35s)
✔ [9158/9242] Built OAI.NumberTheory.SiegelZeros.Structure.ConeMapEval (32s)
✔ [9159/9242] Built OAI.NumberTheory.SiegelZeros.Structure.SumLogDivFilterDvdTwoMul (35s)
✔ [9160/9242] Built OAI.NumberTheory.SiegelZeros.Characters.NormLogDerivLFunctionNegLogDerivZeta (34s)
✔ [9161/9242] Built OAI.NumberTheory.SiegelZeros.Characters.BiquadraticGoodPrimeUnramifiedSameWitnessEquiv (32s)
✔ [9162/9242] Built OAI.NumberTheory.SiegelZeros.Characters.CharacterMaster (23s)
✔ [9163/9242] Built OAI.NumberTheory.SiegelZeros.Structure.QuadraticEigencharacter (40s)
✔ [9164/9242] Built OAI.NumberTheory.SiegelZeros.Hilbert.HilbertSeries (34s)
✔ [9165/9242] Built OAI.NumberTheory.SiegelZeros.Differentials.InvariantDerivationLemmas (32s)
✔ [9166/9242] Built OAI.NumberTheory.SiegelZeros.Characters.AuxiliarySqrtPairCharacterField (31s)
✔ [9167/9242] Built OAI.NumberTheory.SiegelZeros.LocalAlgebra.ResidueTensorQuotientAlgEquiv (43s)
✔ [9168/9242] Built OAI.NumberTheory.SiegelZeros.Structure.RamifiedMass (22s)
✔ [9169/9242] Built OAI.NumberTheory.SiegelZeros.Characters.QuadraticGroupCharacterFrobenius (32s)
✔ [9170/9242] Built OAI.NumberTheory.SiegelZeros.Structure.FinrankDegreePiecePosPrimeVariableNotMem (34s)
✔ [9171/9242] Built OAI.NumberTheory.SiegelZeros.LocalAlgebra.CoefficientSubspaceEquiv (35s)
✔ [9172/9242] Built OAI.NumberTheory.SiegelZeros.LocalAlgebra.PolynomialBox (36s)
✔ [9173/9242] Built OAI.NumberTheory.SiegelZeros.Characters.BiquadraticArithmeticFull (34s)
✔ [9174/9242] Built OAI.NumberTheory.SiegelZeros.Characters.ConditionalPrimeBias (24s)
✔ [9175/9242] Built OAI.NumberTheory.SiegelZeros.Structure.QuadraticEigencharacterAutCongr (32s)
✔ [9176/9242] Built OAI.NumberTheory.SiegelZeros.LocalAlgebra.GradedIdealQuotient (34s)
✔ [9177/9242] Built OAI.NumberTheory.SiegelZeros.LocalAlgebra.CoordinateLocalizedPrime (45s)
✔ [9178/9242] Built OAI.NumberTheory.SiegelZeros.EntireFunctions.AvoidZeroRadii (28s)
✔ [9179/9242] Built OAI.NumberTheory.SiegelZeros.Selection.RestrictWeightSortedEquiv (53s)
✔ [9180/9242] Built OAI.NumberTheory.SiegelZeros.LocalAlgebra.NormalizationPresentationLocalEquiv (40s)
✔ [9181/9242] Built OAI.NumberTheory.SiegelZeros.Differentials.FinrankDerivationCardTranscendenceBasis (35s)
✔ [9182/9242] Built OAI.NumberTheory.SiegelZeros.Structure.CanonicalGoodMass (24s)
✔ [9183/9242] Built OAI.NumberTheory.SiegelZeros.LocalAlgebra.CanonicalQuotient (21s)
✔ [9184/9242] Built OAI.NumberTheory.SiegelZeros.Structure.Convergence (22s)
✔ [9185/9242] Built OAI.NumberTheory.SiegelZeros.Selection.GreedyPivotsWeightLowSpan (34s)
✔ [9186/9242] Built OAI.NumberTheory.SiegelZeros.Determinants.Divisibility (42s)
✔ [9187/9242] Built OAI.NumberTheory.SiegelZeros.Determinants.NormSqReal (50s)
✔ [9188/9242] Built OAI.NumberTheory.SiegelZeros.Structure.LinearVariableBasis (36s)
✔ [9189/9242] Built OAI.NumberTheory.SiegelZeros.EntireFunctions.LogarithmicForm (43s)
✔ [9190/9242] Built OAI.NumberTheory.SiegelZeros.EntireFunctions.NormalizedHadamardTransfer (26s)
✔ [9191/9242] Built OAI.NumberTheory.SiegelZeros.LocalAlgebra.PolynomialLaurent (41s)
✔ [9192/9242] Built OAI.NumberTheory.SiegelZeros.EntireFunctions.DeletedProduct (27s)
✔ [9193/9242] Built OAI.NumberTheory.SiegelZeros.Selection.GlobalPivotValuationExponent (32s)
✔ [9194/9242] Built OAI.NumberTheory.SiegelZeros.Selection.GlobalRectanglePivotBounds (32s)
✔ [9195/9242] Built OAI.NumberTheory.SiegelZeros.Characters.CharacterGlobalGreedyDeterminantFullLocalBounds (45s)
✔ [9196/9242] Built OAI.NumberTheory.SiegelZeros.Intersection.LocalLengthMulProjectiveClosureDegree (32s)
✔ [9197/9242] Built OAI.NumberTheory.SiegelZeros.Intersection.TorusImmersionGenericPointFormallySmooth (32s)
✔ [9198/9242] Built OAI.NumberTheory.SiegelZeros.EntireFunctions.LogarithmicFormLemma (33s)
✔ [9199/9242] Built OAI.NumberTheory.SiegelZeros.Intersection.ConeProjectivePoint (33s)
✔ [9200/9242] Built OAI.NumberTheory.SiegelZeros.Structure.FiniteTypeFieldModelEquiv (39s)
✔ [9201/9242] Built OAI.NumberTheory.SiegelZeros.Estimates.LowerBoundTransfer (27s)
✔ [9202/9242] Built OAI.NumberTheory.SiegelZeros.Intersection.TorusRectangleJetIdealParametersProjectiveDegreeBound (35s)
✔ [9203/9242] Built OAI.NumberTheory.SiegelZeros.Intersection.TorusIntoProj (32s)
✔ [9204/9242] Built OAI.NumberTheory.SiegelZeros.Hilbert.ConeChartHomogeneousLocal (33s)
✔ [9205/9242] Built OAI.NumberTheory.SiegelZeros.EntireFunctions.ClosureSpecMapZeroLocus (33s)
✔ [9206/9242] Built OAI.NumberTheory.SiegelZeros.Differentials.LocalizeInvariantDerivationLogCoordinate (32s)
✔ [9207/9242] Built OAI.NumberTheory.SiegelZeros.Intersection.TorusEvalOne (49s)
✔ [9208/9242] Built OAI.NumberTheory.SiegelZeros.Hilbert.NormalizedHomogeneousChartEquation (31s)
✔ [9209/9242] Built OAI.NumberTheory.SiegelZeros.Structure.AffineAssembly (33s)
✔ [9210/9242] Built OAI.NumberTheory.SiegelZeros.Structure.LaurentEvalOne (34s)
✔ [9211/9242] Built OAI.NumberTheory.SiegelZeros.Structure.RectangleThreshold (42s)
✔ [9212/9242] Built OAI.NumberTheory.SiegelZeros.LocalAlgebra.FractionEquivAlgebra (48s)
✔ [9213/9242] Built OAI.NumberTheory.SiegelZeros.EntireFunctions.ReflectionZeros (22s)
✔ [9214/9242] Built OAI.NumberTheory.SiegelZeros.EntireFunctions.AffineZeroScheme (35s)
✔ [9215/9242] Built OAI.NumberTheory.SiegelZeros.Differentials.DerivationJet (34s)
✔ [9216/9242] Built OAI.NumberTheory.SiegelZeros.Estimates.ConstantCancellation (23s)
✔ [9217/9242] Built OAI.NumberTheory.SiegelZeros.EntireFunctions.TorusJetZeroSchemeInclusion (37s)
✔ [9218/9242] Built OAI.NumberTheory.SiegelZeros.Differentials.TorusDerivationOverRat (40s)
✔ [9219/9242] Built OAI.NumberTheory.SiegelZeros.LocalAlgebra.PolynomialLinearCoefficients (41s)
✔ [9220/9242] Built OAI.NumberTheory.SiegelZeros.Characters.UnconditionalPrimeBias (22s)
✔ [9221/9242] Built OAI.NumberTheory.SiegelZeros.Structure.InvariantJetMonomial (34s)
✔ [9222/9242] Built OAI.NumberTheory.SiegelZeros.Estimates.GeometricBoundary (30s)
✔ [9223/9242] Built OAI.NumberTheory.SiegelZeros.Structure.EvalOneInvariantJetMonomial (30s)
✔ [9224/9242] Built OAI.NumberTheory.SiegelZeros.Structure.IdealPowLayer (37s)
✔ [9225/9242] Built OAI.NumberTheory.SiegelZeros.Intersection.BezoutBoundary (32s)
✔ [9226/9242] Built OAI.NumberTheory.SiegelZeros.LocalAlgebra.FinrankSpanAlgebraMapImage (33s)
✔ [9227/9242] Built OAI.NumberTheory.SiegelZeros.Conclusions.Theorem (31s)
✔ [9228/9242] Built OAI.NumberTheory.SiegelZeros.Differentials.TorusQuotientDimensionPosCotangentFinrankThree (43s)
✔ [9229/9242] Built OAI.NumberTheory.SiegelZeros.LocalAlgebra.AlgebraMapMemSpanImage (30s)
✔ [9230/9242] Built OAI.NumberTheory.SiegelZeros.Structure.RectangularGradedPieceGeneratedByDegreeOne (34s)
✔ [9231/9242] Built OAI.NumberTheory.SiegelZeros.Structure.InvariantJetLinearMap (34s)
✔ [9232/9242] Built OAI.NumberTheory.SiegelZeros.LocalAlgebra.GreedyPivotsRingEquiv (30s)
✔ [9233/9242] Built OAI.NumberTheory.SiegelZeros.Differentials.FractionEulerDerivation (39s)
✔ [9234/9242] Built OAI.NumberTheory.SiegelZeros.Characters.CharacterGlobalGreedyDeterminantMasterBounds (41s)
✔ [9235/9242] Built OAI.NumberTheory.SiegelZeros.EntireFunctions.RealZeroUniformMasterBound (40s)
✔ [9236/9242] Built OAI.NumberTheory.SiegelZeros.Selection.PivotBounds (41s)
✔ [9237/9242] Built OAI.NumberTheory.SiegelZeros.Characters.DirichletRealZeroBound (30s)
✔ [9238/9242] Built OAI.NumberTheory.SiegelZeros.Characters.BiquadraticBasisGroupTransport (77s)
✔ [9239/9242] Built OAI.NumberTheory.SiegelZeros.Characters.DirichletRealZeroBoundProof (30s)
✔ [9240/9242] Built OAI.NumberTheory.SiegelZeros.Characters.SumCharacterPeriodZero (38s)
✔ [9241/9242] Built OAI.NumberTheory.SiegelZeros.Main (29s)
Build completed successfully (9242 jobs).
lake exit code: 0
Thu Oct  8 10:21:22 EDT 2026
C:              930G  902G   29G  97% /c
