Thu Oct  8 08:24:39 EDT 2026
LEAN_NUM_THREADS=3
✔ [8923/9242] Built OAI.NumberTheory.SiegelZeros.Characters.Biquadratic (19s)
✔ [8924/9242] Built OAI.NumberTheory.SiegelZeros.Estimates.ContrarySequence (26s)
✔ [8925/9242] Built OAI.NumberTheory.SiegelZeros.LocalAlgebra.LocalGap (29s)
✔ [8926/9242] Built OAI.NumberTheory.SiegelZeros.Differentials.InvariantDerivation (12s)
✔ [8927/9242] Built OAI.NumberTheory.SiegelZeros.Selection.RowSpan (13s)
✔ [8928/9242] Built OAI.NumberTheory.SiegelZeros.Determinants.DeterminantBridge (13s)
✔ [8929/9242] Built OAI.NumberTheory.SiegelZeros.EntireFunctions.Hadamard (15s)
✔ [8930/9242] Built OAI.NumberTheory.SiegelZeros.Structure.ArchimedeanTheta (13s)
✔ [8931/9242] Built OAI.NumberTheory.SiegelZeros.Structure.MasterContradiction (15s)
✔ [8932/9242] Built OAI.NumberTheory.SiegelZeros.Estimates.FloorExponents (17s)
✔ [8933/9242] Built OAI.NumberTheory.SiegelZeros.Estimates.PrimeBounds (16s)
✔ [8934/9242] Built OAI.NumberTheory.SiegelZeros.LocalAlgebra.ResidueField (13s)
✔ [8935/9242] Built OAI.NumberTheory.SiegelZeros.Characters.ExceptionalConductor (16s)
✔ [8936/9242] Built OAI.NumberTheory.SiegelZeros.LocalAlgebra.BoxPolynomials (13s)
✔ [8937/9242] Built OAI.NumberTheory.SiegelZeros.LocalAlgebra.ConePrimeLocalization (17s)
✔ [8938/9242] Built OAI.NumberTheory.SiegelZeros.LocalAlgebra.LocalizedRadical (13s)
✔ [8939/9242] Built OAI.NumberTheory.SiegelZeros.Structure.GenericCombination (13s)
✔ [8940/9242] Built OAI.NumberTheory.SiegelZeros.Structure.CyclicPrimeFactor (12s)
✔ [8941/9242] Built OAI.NumberTheory.SiegelZeros.LocalAlgebra.ParameterKilledFiniteLength (14s)
✔ [8942/9242] Built OAI.NumberTheory.SiegelZeros.Structure.EndomorphismEulerAdditivity (13s)
✔ [8943/9242] Built OAI.NumberTheory.SiegelZeros.Hilbert.PrimeHilbertDimension (14s)
✔ [8944/9242] Built OAI.NumberTheory.SiegelZeros.Hilbert.HomogeneousSections (13s)
✔ [8945/9242] Built OAI.NumberTheory.SiegelZeros.EntireFunctions.PolynomialGrowthRanks (18s)
✔ [8946/9242] Built OAI.NumberTheory.SiegelZeros.LocalAlgebra.StabilizedColonPowers (12s)
✔ [8947/9242] Built OAI.NumberTheory.SiegelZeros.LocalAlgebra.PolynomialCumulative (18s)
✔ [8948/9242] Built OAI.NumberTheory.SiegelZeros.LocalAlgebra.PolynomialCoefficientLocalization (13s)
✔ [8949/9242] Built OAI.NumberTheory.SiegelZeros.LocalAlgebra.CoefficientLocalizationMaximal (17s)
✔ [8950/9242] Built OAI.NumberTheory.SiegelZeros.LocalAlgebra.LocalLength (13s)
✔ [8951/9242] Built OAI.NumberTheory.SiegelZeros.LocalAlgebra.ParameterCombinations (12s)
✔ [8952/9242] Built OAI.NumberTheory.SiegelZeros.LocalAlgebra.QuotientPrimeResidueBasis (14s)
✔ [8953/9242] Built OAI.NumberTheory.SiegelZeros.EntireFunctions.RegularSequenceHomZero (13s)
✔ [8954/9242] Built OAI.NumberTheory.SiegelZeros.Differentials.ConormalPairing (12s)
✔ [8955/9242] Built OAI.NumberTheory.SiegelZeros.LocalAlgebra.ConeQuotientAugmentation (15s)
✔ [8956/9242] Built OAI.NumberTheory.SiegelZeros.Determinants.NormalDirectionSelection (13s)
✔ [8957/9242] Built OAI.NumberTheory.SiegelZeros.Differentials.SmoothConormalExtension (14s)
✔ [8958/9242] Built OAI.NumberTheory.SiegelZeros.LocalAlgebra.DVRLocalCoordinates (17s)
✔ [8959/9242] Built OAI.NumberTheory.SiegelZeros.Intersection.NormalIntersection (14s)
✔ [8960/9242] Built OAI.NumberTheory.SiegelZeros.LocalAlgebra.ResidueIndependence (11s)
✔ [8961/9242] Built OAI.NumberTheory.SiegelZeros.Estimates.GlobalConstants (17s)
✔ [8962/9242] Built OAI.NumberTheory.SiegelZeros.Differentials.ConormalNonvanishing (13s)
✔ [8963/9242] Built OAI.NumberTheory.SiegelZeros.Structure.DvrFractions (13s)
✔ [8964/9242] Built OAI.NumberTheory.SiegelZeros.LocalAlgebra.RingLength (13s)
✔ [8965/9242] Built OAI.NumberTheory.SiegelZeros.Structure.OmegaIndependence (12s)
✔ [8966/9242] Built OAI.NumberTheory.SiegelZeros.Selection.Directions (14s)
✔ [8967/9242] Built OAI.NumberTheory.SiegelZeros.Estimates.RectangleNumerics (15s)
✔ [8968/9242] Built OAI.NumberTheory.SiegelZeros.Differentials.ZetaLogDerivative (18s)
✔ [8969/9242] Built OAI.NumberTheory.SiegelZeros.EntireFunctions.GammaBound (17s)
✔ [8970/9242] Built OAI.NumberTheory.SiegelZeros.Differentials.LogDerivative (19s)
✔ [8971/9242] Built OAI.NumberTheory.SiegelZeros.EntireFunctions.AnalyticBridge (18s)
✔ [8972/9242] Built OAI.NumberTheory.SiegelZeros.Characters.PrimeTerms (18s)
✔ [8973/9242] Built OAI.NumberTheory.SiegelZeros.Characters.MangoldtMass (20s)
✔ [8974/9242] Built OAI.NumberTheory.SiegelZeros.Characters.PrimePowerTail (19s)
✔ [8975/9242] Built OAI.NumberTheory.SiegelZeros.EntireFunctions.ZeroShellBounds (20s)
✔ [8977/9242] Built OAI.NumberTheory.SiegelZeros.EntireFunctions.IndexedProduct (24s)
✔ [8978/9242] Built OAI.NumberTheory.SiegelZeros.EntireFunctions.EntireLogarithm (16s)
✔ [8979/9242] Built OAI.NumberTheory.SiegelZeros.LocalAlgebra.ParameterChoices (12s)
✔ [8980/9242] Built OAI.NumberTheory.SiegelZeros.Structure.FieldAutomorphisms (21s)
✔ [8981/9242] Built OAI.NumberTheory.SiegelZeros.Selection.RowReplacement (13s)
✔ [8982/9242] Built OAI.NumberTheory.SiegelZeros.Characters.BoundedConductor (20s)
✔ [8983/9242] Built OAI.NumberTheory.SiegelZeros.LocalAlgebra.ScalarExtension (13s)
✔ [8984/9242] Built OAI.NumberTheory.SiegelZeros.Structure.OrderedBasis (13s)
✔ [8985/9242] Built OAI.NumberTheory.SiegelZeros.Selection.InvariantBox (12s)
✔ [8986/9242] Built OAI.NumberTheory.SiegelZeros.Estimates.AsymptoticAssembly (19s)
✔ [8987/9242] Built OAI.NumberTheory.SiegelZeros.LocalAlgebra.TriangularLocalParametersTransport (17s)
✔ [8988/9242] Built OAI.NumberTheory.SiegelZeros.Hilbert.ConeHomogeneousEquations (14s)
✔ [8989/9242] Built OAI.NumberTheory.SiegelZeros.Structure.ComponentHeight (14s)
✔ [8990/9242] Built OAI.NumberTheory.SiegelZeros.LocalAlgebra.RegularParameterSelection (15s)
✔ [8991/9242] Built OAI.NumberTheory.SiegelZeros.Intersection.IsolatedIntersectionSteps (13s)
✔ [8992/9242] Built OAI.NumberTheory.SiegelZeros.LocalAlgebra.LocalizedFiltrationLength (14s)
✔ [8993/9242] Built OAI.NumberTheory.SiegelZeros.Intersection.AffineTranscendenceDimension (17s)
✔ [8994/9242] Built OAI.NumberTheory.SiegelZeros.EntireFunctions.FiniteNormalizationGrowth (15s)
✔ [8995/9242] Built OAI.NumberTheory.SiegelZeros.LocalAlgebra.CoordinateQuotientGrading (15s)
✔ [8996/9242] Built OAI.NumberTheory.SiegelZeros.Structure.FinsuppCandidates (11s)
✔ [8997/9242] Built OAI.NumberTheory.SiegelZeros.Selection.SplitCoordinateClosedPoint (15s)
✔ [8998/9242] Built OAI.NumberTheory.SiegelZeros.Structure.KoszulDualStep (17s)
✔ [8999/9242] Built OAI.NumberTheory.SiegelZeros.Structure.GradedGeneration (13s)
✔ [9000/9242] Built OAI.NumberTheory.SiegelZeros.EntireFunctions.ZeroContribution (18s)
✔ [9001/9242] Built OAI.NumberTheory.SiegelZeros.Structure.RealBridge (19s)
✔ [9002/9242] Built OAI.NumberTheory.SiegelZeros.Structure.AffineFactor (18s)
WATCHDOG: free space 895 MB < 2560 MB, stopping build
