08:32:50 3987
08:32:51 3987
08:32:52 3987
08:32:53 3987
08:32:54 3987
08:32:55 3987
08:32:57 3987
08:32:58 3987
08:32:59 3987
08:33:00 3987
08:33:01 3987
08:33:02 3987
08:33:03 3987
08:33:05 3987
08:33:06 3987
08:33:07 3987
08:33:08 3987
08:33:09 3987
08:33:10 3987
08:33:12 3987
08:33:13 3987
08:33:14 3987
08:33:15 3987
08:33:16 3987
08:33:17 3987
08:33:18 3987
08:33:20 3987
08:33:21 3987
08:33:22 3987
08:33:23 3987
08:33:24 3987
08:33:25 3987
08:33:26 3987
08:33:28 3987
08:33:29 3987
08:33:30 3987
08:33:31 3987
08:33:32 3987
08:33:34 3987
08:33:35 3987
08:33:36 3987
08:33:37 3987
08:33:38 3987
08:33:39 3987
08:33:41 3987
08:33:42 3987
08:33:43 3987
08:33:44 3987
08:33:45 3987
08:33:46 3987
08:33:48 3987
08:33:49 3987
08:33:50 3987
08:33:51 3987
08:33:52 3987
08:33:53 3987
08:33:54 3987
08:33:56 3987
08:33:57 3987
08:33:58 3987
08:33:59 3987
08:34:00 3987
08:34:01 3987
08:34:02 3987
08:34:04 3986
08:34:05 3986
08:34:06 3986
08:34:07 3986
08:34:08 3986
08:34:09 3986
08:34:10 3986
08:34:12 3986
08:34:13 3986
08:34:14 3986
08:34:15 3986
08:34:16 3986
08:34:17 3986
08:34:18 3986
08:34:20 3990
08:34:21 3989
08:34:22 3989
08:34:23 3989
08:34:24 3989
08:34:25 3989
08:34:26 3989
08:34:28 3989
08:34:29 3989
08:34:30 3989
08:34:31 3989
08:34:32 3989
08:34:33 3989
08:34:34 3989
08:34:36 3989
08:34:37 3989
08:34:38 3988
08:34:39 3988
08:34:40 3981
08:34:41 3981
08:34:42 3981
08:34:44 3981
08:34:45 3981
08:34:46 3980
08:34:47 3980
08:34:48 3980
08:34:49 3979
08:34:50 3979
08:34:52 3979
08:34:53 3979
08:34:54 3979
08:34:55 3979
08:34:56 3979
08:34:57 3979
08:34:58 3979
08:35:00 3979
08:35:01 3979
08:35:02 3979
08:35:03 3979
08:35:04 3979
08:35:05 3979
08:35:06 3979
08:35:08 3979
08:35:09 3979
08:35:10 3979
08:35:11 3978
08:35:12 3978
08:35:13 3971
08:35:14 3971
08:35:16 3970
08:35:17 3970
08:35:18 3970
08:35:19 3970
08:35:20 3969
08:35:21 3821
08:35:22 3821
08:35:24 3779
08:35:25 3745
08:35:26 3694
08:35:27 3527
08:35:28 3605
08:35:30 3963
08:35:31 3963
08:35:32 3963
08:35:33 3963
08:35:34 3963
08:35:35 3963
08:35:36 3963
08:35:38 3963
08:35:39 3963
08:35:40 3963
08:35:41 3963
08:35:42 3963
08:35:43 3963
08:35:44 3963
08:35:46 3963
08:35:47 3962
08:35:48 3962
08:35:49 3955
08:35:50 3955
08:35:51 3954
08:35:53 3954
08:35:54 3954
08:35:55 3954
08:35:56 3954
08:35:57 3954
08:35:58 3954
08:35:59 3954
08:36:01 3954
08:36:02 3954
08:36:03 3953
08:36:04 3953
08:36:05 3953
08:36:06 3953
08:36:07 3952
08:36:09 3951
08:36:10 3950
08:36:12 3949
08:36:13 3947
08:36:14 3947
08:36:15 3947
08:36:16 3947
08:36:17 3952
08:36:19 3952
08:36:20 3952
08:36:21 3952
08:36:22 3952
08:36:23 3952
08:36:24 3945
08:36:26 3945
08:36:27 3945
08:36:28 3945
08:36:29 3945
08:36:30 3945
08:36:31 3945
08:36:32 3929
08:36:34 3675
08:36:40 3695
08:36:41 3695
08:36:42 3695
08:36:43 3695
08:36:45 3695
08:36:46 3695
08:36:47 3695
08:36:48 3695
08:36:49 3695
08:36:50 3695
08:36:51 3695
08:36:53 3695
08:36:54 3695
08:36:55 3695
08:36:56 3695
08:36:57 3695
08:36:58 3695
08:37:00 3695
08:37:01 3695
08:37:02 3695
08:37:03 3695
08:37:04 3694
08:37:06 3694
08:37:07 3694
08:37:08 3694
08:37:09 3694
08:37:10 3694
08:37:11 3566
08:37:12 3566
08:37:14 3566
08:37:15 3566
08:37:16 3565
08:37:17 3565
08:37:18 3565
08:37:19 3565
08:37:20 3565
08:37:22 3565
08:37:23 3565
08:37:24 3565
08:37:25 3565
08:37:26 3565
08:37:27 3565
08:37:29 3565
08:37:30 3437
08:37:31 3437
08:37:32 3437
08:37:33 3437
08:37:34 3437
08:37:35 3437
08:37:37 3437
08:37:38 3430
08:37:39 3430
08:37:40 3430
08:37:41 3430
08:37:42 3430
08:37:43 3430
08:37:45 3430
08:37:46 3430
08:37:47 3430
08:37:48 3430
08:37:49 3430
08:37:50 3430
08:37:51 3430
08:37:53 3430
08:37:54 3430
08:37:55 3430
08:37:56 3430
08:37:57 3430
08:37:58 3430
08:37:59 3430
08:38:01 3430
08:38:02 3430
08:38:03 3430
08:38:04 3430
08:38:05 3430
08:38:06 3430
08:38:07 3430
08:38:09 3430
08:38:10 3423
08:38:11 3423
08:38:12 3423
08:38:13 3423
08:38:14 3423
08:38:15 3423
08:38:17 3423
08:38:18 3423
08:38:19 3423
08:38:20 3423
08:38:21 3423
08:38:22 3423
08:38:23 3423
08:38:25 3423
08:38:26 3423
08:38:27 3423
08:38:28 3423
08:38:29 3423
08:38:30 3423
08:38:31 3423
08:38:33 3423
08:38:34 3423
08:38:35 3423
08:38:36 3423
08:38:37 3423
08:38:38 3423
08:38:39 3422
08:38:41 3422
08:38:42 3422
08:38:43 3422
08:38:44 3422
08:38:45 3422
08:38:46 3422
08:38:47 3422
08:38:49 3422
08:38:50 3422
08:38:51 3415
08:38:52 3415
08:38:53 3415
08:38:54 3415
08:38:55 3415
08:38:57 3415
08:38:58 3415
08:38:59 3415
08:39:00 3415
08:39:01 3415
08:39:02 3415
08:39:03 3415
08:39:05 3415
08:39:06 3415
08:39:07 3415
08:39:08 3415
08:39:09 3415
08:39:10 3415
08:39:11 3415
08:39:13 3415
08:39:14 3415
08:39:15 3415
08:39:16 3415
08:39:17 3415
08:39:18 3415
08:39:19 3415
08:39:21 3415
08:39:22 3415
08:39:23 3414
08:39:24 3407
08:39:25 3407
08:39:26 3407
08:39:27 3407
08:39:29 3407
08:39:30 3407
08:39:31 3407
08:39:32 3407
08:39:33 3407
08:39:34 3407
08:39:35 3407
08:39:37 3407
08:39:38 3407
08:39:39 3407
08:39:40 3407
08:39:41 3407
08:39:42 3407
08:39:43 3407
08:39:45 3407
08:39:46 3407
08:39:47 3407
08:39:48 3407
08:39:49 3407
08:39:50 3411
08:39:51 3411
08:39:53 3411
08:39:54 3411
08:39:55 3411
08:39:56 3411
08:39:57 3411
08:39:58 3410
08:40:00 3410
08:40:01 3408
08:40:02 3406
08:40:03 3406
08:40:04 3405
08:40:05 3406
08:40:06 3403
08:40:07 3403
08:40:09 3402
08:40:10 3402
08:40:12 3172
08:40:13 3179
08:40:14 3179
08:40:15 3179
08:40:16 3177
08:40:18 3178
08:40:19 3176
08:40:20 3170
08:40:21 3170
08:40:22 3170
08:40:23 3169
08:40:25 3170
08:40:26 3172
08:40:27 3182
08:40:28 3270
08:40:29 3270
08:40:30 3270
08:40:31 3270
08:40:33 3270
08:40:34 3270
08:40:35 3270
08:40:36 3270
08:40:37 3270
08:40:38 3270
08:40:39 3270
08:40:41 3270
08:40:42 3270
08:40:43 3270
08:40:44 3270
08:40:45 3270
08:40:46 3270
08:40:47 3269
08:40:49 3269
08:40:50 3268
08:40:51 3266
08:40:52 3266
08:40:53 3266
08:40:54 3266
08:40:55 3266
08:40:57 3267
08:40:58 3266
08:40:59 3266
08:41:00 3266
08:41:01 3266
08:41:02 3265
08:41:03 3265
08:41:05 3265
08:41:06 3264
08:41:07 3264
08:41:08 3264
08:41:09 3264
08:41:10 3264
08:41:11 3264
08:41:13 3264
08:41:14 3264
08:41:15 3263
08:41:16 3263
08:41:17 3266
08:41:18 3265
08:41:19 3264
08:41:21 3262
08:41:22 3263
08:41:23 3263
08:41:24 3263
08:41:25 3263
08:41:26 3263
08:41:27 3263
08:41:29 3263
08:41:30 3263
08:41:31 3263
08:41:32 3263
08:41:33 3263
08:41:34 3263
08:41:35 3262
08:41:37 3261
08:41:38 3261
08:41:39 3261
08:41:40 3261
08:41:41 3261
08:41:42 3261
08:41:43 3261
08:41:45 3261
08:41:46 3261
08:41:47 3261
08:41:48 3261
08:41:49 3258
08:41:50 3258
08:41:51 3258
08:41:53 3258
08:41:54 3258
08:41:55 3258
08:41:56 3258
08:41:57 3258
08:41:58 3258
08:41:59 3258
08:42:01 3258
08:42:02 3258
08:42:03 3258
08:42:04 3258
08:42:05 3258
08:42:06 3258
08:42:07 3257
08:42:09 3255
08:42:10 3255
08:42:11 3255
08:42:12 3255
08:42:13 3255
08:42:14 3255
08:42:15 3255
08:42:17 3255
08:42:18 3255
08:42:19 3255
08:42:20 3255
08:42:21 3255
08:42:22 3254
08:42:23 3254
08:42:24 3254
08:42:26 3254
08:42:27 3254
08:42:28 3254
08:42:29 3253
08:42:30 3253
08:42:31 3253
08:42:33 3253
08:42:34 3253
08:42:35 3253
08:42:36 3253
08:42:37 3251
08:42:38 3251
08:42:39 3251
08:42:40 3251
08:42:42 3251
08:42:43 3251
08:42:44 3251
08:42:45 3251
08:42:46 3251
08:42:47 3251
08:42:48 3251
08:42:50 3251
08:42:51 3251
08:42:52 3251
08:42:53 3251
08:42:54 3251
08:42:55 3251
08:42:57 3250
08:42:58 3249
08:42:59 3249
08:43:00 3249
08:43:01 3249
08:43:02 3249
08:43:03 3249
08:43:05 3249
08:43:06 3249
08:43:07 3249
08:43:08 3249
08:43:09 3249
08:43:10 3248
08:43:11 3246
08:43:13 3246
08:43:14 3246
08:43:15 3246
08:43:16 3246
08:43:17 3247
08:43:18 3247
08:43:19 3247
08:43:21 3247
08:43:22 3247
08:43:23 3247
08:43:24 3247
08:43:25 3247
08:43:26 3247
08:43:27 3247
08:43:29 3247
08:43:30 3247
08:43:31 3246
08:43:32 3243
08:43:33 3243
08:43:34 3243
08:43:35 3243
08:43:36 3243
08:43:38 3243
08:43:39 3243
08:43:40 3243
08:43:41 3243
08:43:42 3243
08:43:43 3243
08:43:45 3243
08:43:46 3243
08:43:47 3243
08:43:48 3243
08:43:49 3242
08:43:50 3242
08:43:51 3242
08:43:53 3242
08:43:54 3242
08:43:55 3242
08:43:56 3242
08:43:57 3242
08:43:58 3242
08:43:59 3242
08:44:01 3242
08:44:02 3114
08:44:03 3114
08:44:04 3114
08:44:05 3111
08:44:06 3111
08:44:07 3111
08:44:09 3111
08:44:10 3111
08:44:11 3111
08:44:12 3111
08:44:13 3111
08:44:14 3111
08:44:16 3111
08:44:17 3111
08:44:18 3111
08:44:19 3111
08:44:20 3111
08:44:21 3109
08:44:22 3109
08:44:24 3109
08:44:25 3109
08:44:26 3109
08:44:27 3109
08:44:28 3107
08:44:29 3106
08:44:30 3106
08:44:32 3106
08:44:33 3106
08:44:34 3106
08:44:35 3104
08:44:36 3104
08:44:37 3104
08:44:38 3104
08:44:40 3104
08:44:41 3104
08:44:42 3104
08:44:43 3104
08:44:44 3104
08:44:45 3104
08:44:46 3104
08:44:48 3104
08:44:49 3104
08:44:50 3101
08:44:51 3101
08:44:52 3101
08:44:53 3101
08:44:54 3101
08:44:56 3101
08:44:57 3101
08:44:58 3101
08:44:59 3101
08:45:00 3101
08:45:01 3101
08:45:02 3101
08:45:04 3101
08:45:05 3101
08:45:06 3101
08:45:07 3100
08:45:08 3100
08:45:09 3100
08:45:10 3100
08:45:12 3100
08:45:13 3100
08:45:14 3100
08:45:15 3100
08:45:16 3100
08:45:17 3100
08:45:19 3100
08:45:20 3099
08:45:21 3097
08:45:22 3097
08:45:23 3097
08:45:24 3097
08:45:25 3097
08:45:27 3097
08:45:28 3097
08:45:29 3097
08:45:30 3097
08:45:31 3097
08:45:32 3097
08:45:33 3097
08:45:35 3097
08:45:36 3097
08:45:37 3097
08:45:38 3096
08:45:39 3094
08:45:40 3094
08:45:41 3094
08:45:43 3094
08:45:44 3094
08:45:45 3094
08:45:46 3094
08:45:47 3094
08:45:48 3094
08:45:50 3094
08:45:51 3094
08:45:52 3094
08:45:53 3094
08:45:54 3094
08:45:55 3094
08:45:56 3087
08:45:58 3087
08:45:59 3087
08:46:00 3087
08:46:01 3087
08:46:02 3087
08:46:03 3087
08:46:04 3087
08:46:06 3089
08:46:07 3089
08:46:08 3089
08:46:09 3089
08:46:10 3089
08:46:11 3089
08:46:12 3089
08:46:14 3089
08:46:15 3089
08:46:16 3089
08:46:17 3089
08:46:18 3089
08:46:19 3089
08:46:20 3089
08:46:22 3089
08:46:23 3089
08:46:24 3089
08:46:25 3089
08:46:26 3088
08:46:27 3088
08:46:28 3088
08:46:30 3088
08:46:31 3088
08:46:32 3081
08:46:33 3081
08:46:34 3081
08:46:35 3081
08:46:36 3081
08:46:38 3081
08:46:39 3081
08:46:40 3081
08:46:41 3081
08:46:42 3081
08:46:43 3081
08:46:44 3081
08:46:46 3081
08:46:47 3081
08:46:48 3081
08:46:49 3081
08:46:50 3081
08:46:51 3081
08:46:52 3081
08:46:54 3081
08:46:55 3081
08:46:56 3081
08:46:57 3081
08:46:58 3081
08:46:59 3081
08:47:01 3081
08:47:02 3080
08:47:03 3080
08:47:04 3080
08:47:05 3080
08:47:06 3080
08:47:07 3080
08:47:09 3080
08:47:10 3052
08:47:11 2998
08:47:12 2951
08:47:13 2908
08:47:14 2860
08:47:15 2826
08:47:17 2579
08:47:18 2535
09:46:22 27120
09:46:23 27267
09:46:24 27815
09:46:25 27814
09:46:27 27814
09:46:28 27814
09:46:29 27814
09:46:30 27814
09:46:31 27814
09:46:33 27814
09:46:34 27814
09:46:35 27814
09:46:36 27813
09:46:37 27811
09:46:38 27805
09:46:39 27799
09:46:41 27794
09:46:42 28137
09:46:43 28134
09:46:44 28128
09:46:45 28125
09:46:46 28125
09:46:48 28125
09:46:49 28125
09:46:50 28129
09:46:51 28128
09:46:52 28128
09:46:54 28128
09:46:55 28128
09:46:56 28128
09:46:57 28124
09:46:58 28112
09:46:59 28112
09:47:01 28112
09:47:02 28112
09:47:03 28109
09:47:04 28109
09:47:05 28109
09:47:06 28109
09:47:07 28108
09:47:09 28100
09:47:10 28097
09:47:11 28094
09:47:12 28091
09:47:13 28080
09:47:14 28075
09:47:16 28072
09:47:17 28072
09:47:18 28072
09:47:19 28072
09:47:20 28072
09:47:21 28072
09:47:22 28072
09:47:24 28072
09:47:25 28072
09:47:26 28072
09:47:27 28069
09:47:28 28069
09:47:29 28069
09:47:30 28069
09:47:32 28065
09:47:33 28057
09:47:34 28048
09:47:35 28045
09:47:36 28037
09:47:37 28031
09:47:39 28023
09:47:40 28017
09:47:41 28012
09:47:42 28006
09:47:43 28005
09:47:44 27999
09:47:46 27999
09:47:47 27998
09:47:48 27995
09:47:49 27993
09:47:50 27993
09:47:51 27993
09:47:52 27993
09:47:54 27990
09:47:55 27990
09:47:56 27990
09:47:57 27990
09:47:58 27990
09:47:59 27990
09:48:00 27990
09:48:02 27988
09:48:03 27982
09:48:04 27976
09:48:05 27965
09:48:06 27962
09:48:07 27958
09:48:09 27950
09:48:10 27942
09:48:11 27936
09:48:12 27930
09:48:13 27925
09:48:14 27914
09:48:16 27908
09:48:17 27908
09:48:18 27908
09:48:19 27908
09:48:20 27908
09:48:21 27908
09:48:23 27906
09:48:24 27906
09:48:25 27904
09:48:26 27904
09:48:27 27903
09:48:28 27903
09:48:29 27901
09:48:31 27926
09:48:32 28230
09:48:33 28222
09:48:34 28216
09:48:35 28207
09:48:37 28205
09:48:38 28200
09:48:39 28209
09:48:40 28203
09:48:41 28198
09:48:42 28197
09:48:44 28194
09:48:45 28188
09:48:46 28185
09:48:47 28185
09:48:48 28183
09:48:49 28183
09:48:51 28183
09:48:52 28116
09:48:53 28105
09:48:54 28105
09:48:55 28104
09:48:57 28104
09:48:58 28104
09:48:59 28104
09:49:00 28104
09:49:01 28103
09:49:02 28103
09:49:04 28100
09:49:05 28097
09:49:06 28092
09:49:07 28086
09:49:09 28083
09:49:10 28078
09:49:11 28072
09:49:12 28071
09:49:13 28067
09:49:15 28057
09:49:16 28050
09:49:17 28050
09:49:18 28050
09:49:19 28050
09:49:20 28050
09:49:21 28050
09:49:23 28050
09:49:24 28060
09:49:25 28060
09:49:26 28059
09:49:27 28059
09:49:28 28059
09:49:30 28058
09:49:31 28057
09:49:32 28055
09:49:33 28055
09:49:34 28053
09:49:36 28040
09:49:37 28029
09:49:38 28023
09:49:39 28015
09:49:40 28006
09:49:41 28001
09:49:43 27992
09:49:44 27985
09:49:45 27996
09:49:46 27998
09:49:47 27997
09:49:48 27997
09:49:50 27997
09:49:51 27997
09:49:52 27997
09:49:53 27997
09:49:54 27995
09:49:56 27995
09:49:57 27992
09:49:58 27992
09:49:59 27990
09:50:00 27987
09:50:01 27987
09:50:03 27987
09:50:04 27987
09:50:05 27983
09:50:06 27973
09:50:07 27965
09:50:08 27953
09:50:10 27945
09:50:11 27934
09:50:12 27926
09:50:13 27909
09:50:14 27904
09:50:15 27898
09:50:17 27898
09:50:18 27896
09:50:19 27895
09:50:20 27892
09:50:21 27889
09:50:22 27889
09:50:24 27889
09:50:25 27890
09:50:26 27890
09:50:27 27890
09:50:28 27889
09:50:29 27889
09:50:30 27889
09:50:32 27889
09:50:33 27887
09:50:34 27876
09:50:35 27871
09:50:36 27865
09:50:37 27857
09:50:39 27849
09:50:40 27844
09:50:41 27835
09:50:42 27828
09:50:43 27820
09:50:44 27814
09:50:46 27809
09:50:47 27809
09:50:48 27809
09:50:49 27809
09:50:50 27809
09:50:51 27806
09:50:52 27806
09:50:54 27806
09:50:55 27806
09:50:56 27806
09:50:57 27803
09:50:58 27803
09:50:59 27801
09:51:01 27801
09:51:02 27801
09:51:03 27796
09:51:04 27793
09:51:05 27790
09:51:06 27784
09:51:07 27784
09:51:09 27780
09:51:10 27778
09:51:11 27777
09:51:12 27777
09:51:13 27777
09:51:14 27775
09:51:16 27709
09:51:17 27622
09:51:18 27537
09:51:19 27470
09:51:20 27404
09:51:22 27338
09:51:23 27247
09:51:24 27197
09:51:25 27148
09:51:26 27051
09:51:27 27028
09:51:29 26962
09:51:30 26899
09:51:31 26819
09:51:32 26767
09:51:33 26713
09:51:34 26686
09:51:36 26648
09:51:37 26595
09:51:38 26522
09:51:39 26495
09:51:40 26440
09:51:41 26389
09:51:43 26319
09:51:44 26286
09:51:45 26236
09:51:46 26183
09:51:47 26145
09:51:48 26111
09:51:50 26088
09:51:51 26057
09:51:52 26017
09:51:53 25893
09:51:54 25704
09:51:56 25657
09:51:57 25651
09:51:58 25637
09:51:59 25580
09:52:00 25513
09:52:01 25431
09:52:02 25335
09:52:04 25303
09:52:05 25211
09:52:06 25197
09:52:07 25114
09:52:08 25060
09:52:10 24987
09:52:11 24950
09:52:12 24891
09:52:13 24792
09:52:14 24768
09:52:15 24710
09:52:16 24630
09:52:18 24565
09:52:19 24509
09:52:20 24445
09:52:21 24293
09:52:22 24272
09:52:23 24232
09:52:25 24129
09:52:26 24083
09:52:27 24053
09:52:28 23970
09:52:29 23893
09:52:31 23783
09:52:32 23654
09:52:33 23528
09:52:34 23406
09:52:35 23289
09:52:37 23162
09:52:38 23039
09:52:39 22929
09:52:40 22815
09:52:41 22711
09:52:43 22622
09:52:44 22512
09:52:45 22408
09:52:46 22326
09:52:47 22249
09:52:49 22176
09:52:50 22152
09:52:51 22139
09:52:52 22126
09:52:53 22090
09:52:55 22019
09:52:56 21936
09:52:57 21840
09:52:58 21772
09:52:59 21704
09:53:01 21627
09:53:02 21551
09:53:03 21476
09:53:04 21403
09:53:05 21325
09:53:07 21237
09:53:08 21159
09:53:09 21145
09:53:10 21134
09:53:11 21122
09:53:13 21109
09:53:14 21094
09:53:15 21055
09:53:16 20971
09:53:17 20894
09:53:19 20817
09:53:20 20729
09:53:21 20642
09:53:22 20553
09:53:23 20499
09:53:24 20485
09:53:26 20488
09:53:27 20474
09:53:28 20459
09:53:29 20392
09:53:30 20318
09:53:32 20287
09:53:33 20250
09:53:34 20178
09:53:35 20115
09:53:36 20102
09:53:38 20090
09:53:39 23892
09:53:40 23892
09:53:41 23892
09:53:42 23890
09:53:43 23890
09:53:45 23889
09:53:46 23889
09:53:47 23890
09:53:48 23890
09:53:49 23889
09:53:50 23889
09:53:52 23889
09:53:53 23889
09:53:54 23889
09:53:55 23886
09:53:56 26768
09:53:57 26765
09:53:58 30605
09:54:00 30605
09:54:01 30604
09:54:02 30601
09:54:03 30601
09:54:04 30601
09:54:05 30601
09:54:06 30601
09:54:08 30601
09:54:09 30599
09:54:10 30631
09:54:11 30631
09:54:12 30630
09:54:13 30624
09:54:15 30623
09:54:16 30620
09:54:17 30620
09:54:18 30618
09:54:19 30618
09:54:20 30616
09:54:21 30614
09:54:23 30612
09:54:24 30611
09:54:25 30611
09:54:26 30611
09:54:27 30610
09:54:29 30610
09:54:30 30610
09:54:31 30610
09:54:32 30610
09:54:33 30610
09:54:34 30610
09:54:36 30610
09:54:37 30609
09:54:38 30607
09:54:39 30607
09:54:40 30607
09:54:41 30605
09:54:43 30605
09:54:44 30602
09:54:45 30602
09:54:46 30602
09:54:47 30602
09:54:48 30602
09:54:50 30602
09:54:51 30602
09:54:52 30602
09:54:53 30602
09:54:54 30602
09:54:55 30597
09:54:57 30597
09:54:58 30597
09:54:59 30595
09:55:00 30595
09:55:01 30595
09:55:02 30595
09:55:03 30595
09:55:05 30595
09:55:06 30591
09:55:07 30591
09:55:08 30591
09:55:09 30592
09:55:10 30592
09:55:12 30589
09:55:13 30589
09:55:14 30589
09:55:15 30589
09:55:16 30586
09:55:17 30586
09:55:19 30586
09:55:20 30584
09:55:21 30584
09:55:22 30584
09:55:23 30584
09:55:24 30584
09:55:25 30584
09:55:27 30584
09:55:28 30583
09:55:29 30583
09:55:30 30583
09:55:31 30583
09:55:32 30583
09:55:34 30583
09:55:35 30583
09:55:36 30583
09:55:37 30583
09:55:38 30577
09:55:39 30575
09:55:41 30561
09:55:42 30561
09:55:43 30559
09:55:44 30559
09:55:45 30559
09:55:47 30559
09:55:48 30559
09:55:49 30559
09:55:50 30559
09:55:51 30559
09:55:52 19441
09:55:54 16711
09:55:55 16711
09:55:56 16711
09:55:57 16715
09:55:58 16715
09:55:59 16715
09:56:00 16715
09:56:02 16715
09:56:03 16715
09:56:04 16715
09:56:05 16715
09:56:06 16715
09:56:07 16715
09:56:09 16708
09:56:10 16708
09:56:11 16708
09:56:12 16708
09:56:13 16708
09:56:15 16708
09:56:16 16707
09:56:17 16707
09:56:18 16700
09:56:19 16700
09:56:21 16698
09:56:22 30538
09:56:23 30538
09:56:24 30531
09:56:25 30531
09:56:26 30531
09:56:27 30530
09:56:29 30530
09:56:30 30530
09:56:31 30530
09:56:32 30530
09:56:33 30530
09:56:34 30530
09:56:36 30529
09:56:37 30527
09:56:38 30526
09:56:39 30521
09:56:40 30522
09:56:41 30522
09:56:43 30522
09:56:44 30522
09:56:45 30522
09:56:46 30522
09:56:47 30522
09:56:48 30522
09:56:49 30522
09:56:51 30522
09:56:52 30522
09:56:53 30521
09:56:54 30507
09:56:55 30507
09:56:56 30500
09:56:58 30499
09:56:59 30499
09:57:00 30499
09:57:01 30499
09:57:02 30499
09:57:03 30499
09:57:05 30499
09:57:06 30499
09:57:07 30499
09:57:08 30499
09:57:09 30499
09:57:10 30499
09:57:11 30499
09:57:13 30499
09:57:14 30499
09:57:15 30499
09:57:16 30499
09:57:17 30499
09:57:18 30499
09:57:19 30499
09:57:21 30499
09:57:22 30499
09:57:23 30499
09:57:24 30499
09:57:25 30499
09:57:26 30499
09:57:28 30490
09:57:29 30482
09:57:30 30482
09:57:31 30474
09:57:32 30474
09:57:33 30474
09:57:35 30474
09:57:36 30474
09:57:37 30474
09:57:38 30474
09:57:39 30474
09:57:40 30474
09:57:42 30474
09:57:43 30474
09:57:44 30474
09:57:45 30474
09:57:46 30474
09:57:47 30474
09:57:48 30474
09:57:50 30474
09:57:51 30474
09:57:52 30474
09:57:53 30474
09:57:54 30474
09:57:55 30474
09:57:56 30474
09:57:58 30461
09:57:59 30461
09:58:00 30461
09:58:01 30461
09:58:03 16619
09:58:04 16619
09:58:05 16619
09:58:06 16618
09:58:07 16618
09:58:08 16610
09:58:10 16603
09:58:11 30445
09:58:12 30445
09:58:13 30445
09:58:14 30445
09:58:15 30445
09:58:17 30443
09:58:18 30440
09:58:19 30440
09:58:20 30440
09:58:21 30440
09:58:22 30440
09:58:23 30440
09:58:25 30440
09:58:26 30440
09:58:27 30440
09:58:28 30439
09:58:29 30439
09:58:30 30439
09:58:32 30439
09:58:33 30439
09:58:34 30440
09:58:35 30440
09:58:36 30440
09:58:37 30440
09:58:38 30437
09:58:40 30433
09:58:41 30427
09:58:42 30427
09:58:43 30426
09:58:44 30426
09:58:45 30426
09:58:46 30426
09:58:48 30426
09:58:49 30426
09:58:50 30426
09:58:51 30426
09:58:52 30426
09:58:53 30426
09:58:54 30428
09:58:56 30425
09:58:57 30424
09:58:58 30424
09:58:59 30422
09:59:00 30421
09:59:02 30423
09:59:03 30423
09:59:04 30423
09:59:05 30423
09:59:06 30422
09:59:07 30415
09:59:09 30415
09:59:10 30414
09:59:11 30407
09:59:12 30392
09:59:13 30400
09:59:15 30400
09:59:16 30402
09:59:17 30401
09:59:18 30401
09:59:19 30394
09:59:20 30394
09:59:21 30394
09:59:23 30394
09:59:24 30394
09:59:25 30394
09:59:26 30394
09:59:27 30394
09:59:28 30394
09:59:29 30394
09:59:31 30394
09:59:32 30394
09:59:33 30394
09:59:34 30394
09:59:35 30394
09:59:36 30394
09:59:37 30393
09:59:39 30393
09:59:40 30393
09:59:41 30392
09:59:42 30377
09:59:43 30377
09:59:44 30377
09:59:45 30377
09:59:47 30377
09:59:48 30377
09:59:49 30377
09:59:50 30377
09:59:51 30377
09:59:52 30376
09:59:54 30369
09:59:55 30369
09:59:56 30369
09:59:57 30369
09:59:58 30367
09:59:59 30367
10:00:00 30379
10:00:02 30379
10:00:03 30379
10:00:04 30379
10:00:05 30379
10:00:06 30379
10:00:07 30379
10:00:08 30379
10:00:09 30379
10:00:11 30379
10:00:12 30372
10:00:13 30371
10:00:14 30371
10:00:15 30364
10:00:16 30364
10:00:17 30364
10:00:19 30364
10:00:20 30364
10:00:21 30364
10:00:22 30364
10:00:23 30364
10:00:24 30364
10:00:26 30364
10:00:27 30364
10:00:28 30364
10:00:29 30364
10:00:30 30364
10:00:31 30363
10:00:32 30360
10:00:34 30360
10:00:35 30360
10:00:36 30360
10:00:37 30360
10:00:38 30360
10:00:39 30360
10:00:40 30360
10:00:42 30360
10:00:43 30360
10:00:44 30360
10:00:45 30359
10:00:46 30352
10:00:47 30351
10:00:48 30343
10:00:50 30343
10:00:51 30343
10:00:52 30336
10:00:53 30336
10:00:54 30336
10:00:55 30336
10:00:56 30336
10:00:58 30336
10:00:59 30336
10:01:00 30336
10:01:01 30336
10:01:02 30336
10:01:03 30336
10:01:05 30336
10:01:06 30336
10:01:07 30336
10:01:08 30336
10:01:09 30336
10:01:10 30336
10:01:11 30336
10:01:12 30336
10:01:14 30336
10:01:15 30336
10:01:16 30336
10:01:17 30336
10:01:18 30334
10:01:19 30334
10:01:21 30327
10:01:22 30325
10:01:23 30318
10:01:24 30318
10:01:25 30311
10:01:26 30311
10:01:27 30311
10:01:29 30314
10:01:30 30314
10:01:31 30314
10:01:32 30314
10:01:33 30314
10:01:34 30314
10:01:36 30314
10:01:37 30314
10:01:38 30313
10:01:39 30313
10:01:40 30312
10:01:41 30308
10:01:42 30312
10:01:44 30312
10:01:45 30311
10:01:46 30311
10:01:47 30311
10:01:48 30311
10:01:49 30311
10:01:50 30304
10:01:52 30304
10:01:53 30304
10:01:54 30304
10:01:55 30296
10:01:56 30296
10:01:57 30296
10:01:59 30293
10:02:00 30282
10:02:01 30282
10:02:02 30282
10:02:03 30282
10:02:04 30282
10:02:05 30282
10:02:07 30282
10:02:08 30282
10:02:09 30282
10:02:10 30282
10:02:11 30282
10:02:12 30282
10:02:14 30282
10:02:15 30282
10:02:16 30282
10:02:17 30282
10:02:18 30282
10:02:19 30282
10:02:20 30282
10:02:22 30274
10:02:23 30268
10:02:24 30268
10:02:25 30268
10:02:26 30267
10:02:27 30267
10:02:28 30267
10:02:30 30260
10:02:31 30260
10:02:32 30260
10:02:33 30260
10:02:34 30260
10:02:35 30260
10:02:36 30260
10:02:38 30259
10:02:39 30259
10:02:40 30259
10:02:41 30259
10:02:42 30259
10:02:43 30259
10:02:44 30259
10:02:45 30259
10:02:47 30259
10:02:48 30259
10:02:49 30259
10:02:50 30259
10:02:51 30259
10:02:52 30258
10:02:53 30251
10:02:55 30251
10:02:56 30251
10:02:57 30249
10:02:58 30242
10:02:59 30242
10:03:00 30235
10:03:02 30235
10:03:03 30235
10:03:04 30235
10:03:05 30235
10:03:06 30235
10:03:07 30235
10:03:08 30235
10:03:10 30235
10:03:11 30235
10:03:12 30235
10:03:13 30235
10:03:14 30235
10:03:15 30235
10:03:16 30235
10:03:17 30235
10:03:19 30235
10:03:20 30235
10:03:21 30235
10:03:22 30235
10:03:23 30235
10:03:24 30235
10:03:25 30232
10:03:27 30232
10:03:28 30225
10:03:29 30221
10:03:30 30221
10:03:31 30221
10:03:32 30221
10:03:34 30221
10:03:35 30221
10:03:36 30219
10:03:37 30212
10:03:38 30212
10:03:39 30212
10:03:41 30212
10:03:42 30212
10:03:43 30212
10:03:44 30212
10:03:45 30212
10:03:46 30212
10:03:47 30212
10:03:49 30212
10:03:50 30212
10:03:51 30212
10:03:52 30212
10:03:53 30205
10:03:54 30205
10:03:55 30205
10:03:57 30204
10:03:58 30204
10:03:59 30204
10:04:00 30204
10:04:01 30203
10:04:03 30203
10:04:04 30196
10:04:05 30196
10:04:06 30196
10:04:07 30196
10:04:08 30196
10:04:10 30189
10:04:11 30189
10:04:12 30189
10:04:13 30189
10:04:14 30189
10:04:15 30189
10:04:16 30189
10:04:18 30189
10:04:19 30189
10:04:20 30189
10:04:21 30189
10:04:22 30189
10:04:23 30188
10:04:25 30188
10:04:26 30186
10:04:27 30185
10:04:28 30177
10:04:29 30177
10:04:30 30177
10:04:32 30177
10:04:33 30177
10:04:34 30212
10:04:35 30211
10:04:36 30211
10:04:37 30210
10:04:38 30204
10:04:40 30203
10:04:41 30203
10:04:42 30200
10:04:43 30200
10:04:44 30200
10:04:45 30200
10:04:46 30200
10:04:48 30200
10:04:49 30200
10:04:50 30199
10:04:51 30199
10:04:52 30199
10:04:53 30199
10:04:55 30198
10:04:56 30194
10:04:57 30193
10:04:58 30193
10:04:59 30193
10:05:00 30191
10:05:01 30191
10:05:03 30191
10:05:04 30191
10:05:05 30182
10:05:06 30182
10:05:07 30179
10:05:08 30179
10:05:10 30172
10:05:11 30171
10:05:12 30164
10:05:13 30164
10:05:14 30164
10:05:15 30164
10:05:17 30163
10:05:18 30163
10:05:19 30162
10:05:20 30162
10:05:21 30162
10:05:22 30162
10:05:23 30169
10:05:25 30169
10:05:26 30169
10:05:27 30169
10:05:28 30169
10:05:29 19934
10:05:30 16320
10:05:32 16320
10:05:33 16320
10:05:34 16320
10:05:35 16317
10:05:36 16317
10:05:37 16317
10:05:38 16317
10:05:40 16317
10:05:41 16316
10:05:42 16313
10:05:43 16312
10:05:44 30160
10:05:45 30160
10:05:46 30160
10:05:48 30159
10:05:49 30152
10:05:50 30152
10:05:51 30152
10:05:52 30151
10:05:54 30151
10:05:55 30149
10:05:56 30149
10:05:57 30153
10:05:58 30153
10:05:59 30153
10:06:00 30153
10:06:02 30153
10:06:03 30153
10:06:04 30152
10:06:05 30145
10:06:06 30145
10:06:07 30145
10:06:09 30145
10:06:10 30145
10:06:11 30145
10:06:12 30145
10:06:13 30145
10:06:14 30145
10:06:16 16298
10:06:17 16291
10:06:18 16291
10:06:19 16292
10:06:20 16292
10:06:21 16292
10:06:23 30132
10:06:24 30133
10:06:25 30133
10:06:26 30133
10:06:27 30133
10:06:28 30133
10:06:29 30133
10:06:31 30127
10:06:32 30127
10:06:33 30127
10:06:34 30127
10:06:35 30127
10:06:36 30127
10:06:37 30127
10:06:39 30126
10:06:40 30122
10:06:41 30122
10:06:42 30122
10:06:43 30122
10:06:44 30122
10:06:45 30122
10:06:47 30122
10:06:48 30122
10:06:49 30122
10:06:50 30121
10:06:51 30121
10:06:52 30120
10:06:54 30113
10:06:55 30113
10:06:56 30110
10:06:57 30110
10:06:58 30103
10:06:59 30099
10:07:01 30096
10:07:02 30096
10:07:03 30091
10:07:04 30084
10:07:05 30083
10:07:06 30083
10:07:07 30081
10:07:09 30081
10:07:10 30081
10:07:11 30081
10:07:12 30081
10:07:13 30081
10:07:14 30081
10:07:15 30081
10:07:17 30080
10:07:18 30080
10:07:19 30080
10:07:20 30080
10:07:21 30080
10:07:22 30079
10:07:24 30078
10:07:25 30077
10:07:26 30070
10:07:27 30070
10:07:28 30069
10:07:29 30069
10:07:31 30067
10:07:32 30059
10:07:33 30059
10:07:34 30059
10:07:35 30059
10:07:36 30059
10:07:38 30058
10:07:39 30058
10:07:40 30058
10:07:41 30058
10:07:42 30058
10:07:43 30058
10:07:45 30058
10:07:46 30058
10:07:47 30058
10:07:48 30056
10:07:49 30049
10:07:50 30049
10:07:52 30049
10:07:53 30049
10:07:54 30049
10:07:55 30049
10:07:56 30049
10:07:57 30049
10:07:59 30047
10:08:00 30040
10:08:01 30040
10:08:02 30040
10:08:03 30040
10:08:04 30040
10:08:06 30040
10:08:07 30040
10:08:08 30040
10:08:09 30040
10:08:10 30040
10:08:11 19306
10:08:13 16207
10:08:14 16207
10:08:15 16206
10:08:16 16206
10:08:17 16206
10:08:18 16200
10:08:19 16201
10:08:21 16198
10:08:22 16204
10:08:23 16204
10:08:24 16204
10:08:25 16204
10:08:26 16204
10:08:28 16203
10:08:29 16203
10:08:30 16198
10:08:31 16211
10:08:32 16199
10:08:33 16199
10:08:35 16198
10:08:36 30027
10:08:37 30027
10:08:38 30027
10:08:39 30027
10:08:40 30026
10:08:41 30027
10:08:43 30027
10:08:44 30026
10:08:45 30019
10:08:46 30019
10:08:47 30019
10:08:48 30019
10:08:49 30019
10:08:51 30019
10:08:52 30012
10:08:53 30012
10:08:54 30012
10:08:55 30012
10:08:56 30012
10:08:58 30005
10:08:59 30006
10:09:00 30006
10:09:01 30006
10:09:02 30005
10:09:03 30005
10:09:05 30007
10:09:06 30007
10:09:07 30007
10:09:08 30007
10:09:09 19014
10:09:10 16172
10:09:12 16168
10:09:13 16168
10:09:14 16168
10:09:15 16166
10:09:17 16166
10:09:18 16166
10:09:19 16166
10:09:20 16165
10:09:21 16165
10:09:22 16165
10:09:24 16165
10:09:25 16165
10:09:26 16158
10:09:27 16154
10:09:28 29981
10:09:29 29981
10:09:31 29981
10:09:32 29981
10:09:33 29981
10:09:34 29981
10:09:35 29981
10:09:36 29981
10:09:38 29981
10:09:39 18769
10:09:40 16136
10:09:41 16136
10:09:42 16136
10:09:43 16136
10:09:44 16136
10:09:46 16136
10:09:47 16136
10:09:48 16130
10:09:49 16123
10:09:50 16123
10:09:51 16123
10:09:52 16123
10:09:54 16123
10:09:55 16123
10:09:56 16122
10:09:57 16123
10:09:58 16123
10:09:59 16123
10:10:01 16122
10:10:02 16118
10:10:03 16118
10:10:04 16118
10:10:05 16118
10:10:07 16119
10:10:08 16118
10:10:09 16117
10:10:10 16118
10:10:11 16115
10:10:12 16115
10:10:14 16115
10:10:15 16115
10:10:16 16115
10:10:17 16115
10:10:18 16114
10:10:19 16114
10:10:21 16114
10:10:22 16114
10:10:23 16114
10:10:24 16114
10:10:25 16114
10:10:27 16115
10:10:28 16113
10:10:29 16104
10:10:30 16104
10:10:31 29935
10:10:32 29935
10:10:33 29934
10:10:35 29934
10:10:36 29934
10:10:37 29933
10:10:38 29933
10:10:39 29926
10:10:41 29926
10:10:42 29926
10:10:43 29926
10:10:44 29926
10:10:45 29926
10:10:46 29926
10:10:47 29926
10:10:49 29926
10:10:50 18292
10:10:51 16093
10:10:52 16093
10:10:53 16093
10:10:54 16093
10:10:55 16094
10:10:57 16094
10:10:58 16094
10:10:59 16094
10:11:00 16094
10:11:01 16088
10:11:02 16088
10:11:03 29914
10:11:05 29914
10:11:06 29913
10:11:07 29913
10:11:08 29913
10:11:09 29912
10:11:10 29921
10:11:12 29921
10:11:13 29920
10:11:14 29920
10:11:15 29920
10:11:16 16086
10:11:17 16086
10:11:19 16086
10:11:20 16086
10:11:21 16086
10:11:22 16086
10:11:23 16081
10:11:24 16074
10:11:25 16074
10:11:27 16074
10:11:28 16074
10:11:29 16074
10:11:30 16074
10:11:31 16074
10:11:32 16074
10:11:33 16067
10:11:35 16067
10:11:36 29894
10:11:37 29894
10:11:38 29893
10:11:39 29892
10:11:40 29892
10:11:42 29892
10:11:43 29892
10:11:44 29892
10:11:45 29892
10:11:46 29892
10:11:47 29892
10:11:48 29892
10:11:50 29892
10:11:51 29892
10:11:52 16059
10:11:53 16059
10:11:54 16059
10:11:55 16059
10:11:57 16059
10:11:58 16055
10:11:59 16055
10:12:00 16055
10:12:01 16055
10:12:02 16050
10:12:03 16050
10:12:05 16050
10:12:06 16050
10:12:07 16050
10:12:08 16049
10:12:09 16042
10:12:10 16042
10:12:11 16040
10:12:13 16033
10:12:14 29866
10:12:15 29865
10:12:16 29865
10:12:17 29865
10:12:18 29865
10:12:20 29865
10:12:21 29864
10:12:22 29864
10:12:23 29864
10:12:24 29859
10:12:25 29854
10:12:27 29854
10:12:28 29854
10:12:29 29854
10:12:30 29854
10:12:31 29854
10:12:32 29854
10:12:34 29854
10:12:35 29854
10:12:36 16019
10:12:37 16019
10:12:38 16019
10:12:39 16019
10:12:40 16019
10:12:42 16019
10:12:43 16000
10:12:44 15996
10:12:45 15989
10:12:46 29817
10:12:47 29817
10:12:49 29816
10:12:50 29816
10:12:51 29816
10:12:52 29816
10:12:53 29816
10:12:55 29815
10:12:56 29813
10:12:57 29813
10:12:58 29806
10:12:59 29806
10:13:00 29806
10:13:02 29806
10:13:03 29806
10:13:04 29806
10:13:05 29805
10:13:06 29805
10:13:07 29797
10:13:08 29797
10:13:10 15962
10:13:11 15962
10:13:12 15962
10:13:13 15962
10:13:14 15962
10:13:15 15962
10:13:16 15962
10:13:18 15958
10:13:19 29786
10:13:20 29786
10:13:21 29786
10:13:22 29785
10:13:23 29785
10:13:25 29785
10:13:26 29785
10:13:27 29785
10:13:28 29785
10:13:29 29785
10:13:30 29785
10:13:31 29785
10:13:33 29785
10:13:34 29785
10:13:35 29785
10:13:36 29785
10:13:37 29785
10:13:38 29785
10:13:39 29785
10:13:41 29785
10:13:42 29784
10:13:43 29784
10:13:44 29784
10:13:45 29782
10:13:46 29782
10:13:48 29775
10:13:49 29775
10:13:50 29767
10:13:51 29760
10:13:52 29760
10:13:53 29760
10:13:54 29760
10:13:56 29760
10:13:57 29760
10:13:58 29760
10:13:59 29760
10:14:00 29760
10:14:01 29760
10:14:03 29760
10:14:04 29760
10:14:05 29760
10:14:06 29760
10:14:07 15926
10:14:08 15931
10:14:09 15933
10:14:11 15933
10:14:12 15933
10:14:13 15933
10:14:14 15933
10:14:15 15933
10:14:16 15933
10:14:17 15932
10:14:19 15932
10:14:20 15932
10:14:21 15932
10:14:22 15931
10:14:23 15931
10:14:25 15927
10:14:26 15927
10:14:27 15927
10:14:28 15927
10:14:29 15927
10:14:30 15927
10:14:32 15925
10:14:33 15917
10:14:34 15915
10:14:35 15915
10:14:36 29742
10:14:37 29742
10:14:39 29742
10:14:40 29742
10:14:41 29742
10:14:42 29742
10:14:43 29742
10:14:44 29742
10:14:45 29742
10:14:47 29742
10:14:48 29739
10:14:49 29739
10:14:50 29739
10:14:51 29739
10:14:52 29739
10:14:53 29739
10:14:55 29739
10:14:56 29739
10:14:57 29739
10:14:58 29739
10:14:59 29739
10:15:00 29739
10:15:01 29719
10:15:03 29739
10:15:04 29739
10:15:05 29739
10:15:06 29739
10:15:07 29737
10:15:08 29729
10:15:10 29729
10:15:11 29713
10:15:12 29713
10:15:13 29713
10:15:14 29713
10:15:15 29713
10:15:16 29713
10:15:18 29713
10:15:19 29713
10:15:20 29713
10:15:21 29713
10:15:22 29713
10:15:23 29713
10:15:25 29713
10:15:26 29713
10:15:27 29713
10:15:28 15880
10:15:29 15880
10:15:30 15880
10:15:31 15880
10:15:33 15880
10:15:34 15880
10:15:35 15880
10:15:36 15880
10:15:37 15880
10:15:38 15880
10:15:39 15880
10:15:41 15880
10:15:42 15880
10:15:43 15880
10:15:44 15879
10:15:45 15875
10:15:46 15875
10:15:48 15875
10:15:49 15874
10:15:50 15874
10:15:51 29698
10:15:52 29698
10:15:53 29698
10:15:54 29698
10:15:56 29698
10:15:57 29698
10:15:58 29698
10:15:59 29698
10:16:00 29698
10:16:01 29698
10:16:02 29698
10:16:04 29698
10:16:05 29698
10:16:06 29698
10:16:07 29730
10:16:08 29722
10:16:09 29722
10:16:11 29722
10:16:12 29722
10:16:13 29722
10:16:14 29722
10:16:15 29721
10:16:16 29721
10:16:17 29721
10:16:19 29721
10:16:20 29721
10:16:21 29721
10:16:22 29721
10:16:23 29720
10:16:24 29719
10:16:25 29705
10:16:27 29705
10:16:28 29705
10:16:29 29705
10:16:30 29705
10:16:31 29704
10:16:32 29704
10:16:33 29704
10:16:35 29704
10:16:36 29703
10:16:37 29702
10:16:38 15860
10:16:39 15853
10:16:40 15853
10:16:41 15853
10:16:43 15853
10:16:44 15853
10:16:45 15853
10:16:46 15853
10:16:47 15853
10:16:48 15853
10:16:49 15853
10:16:51 15852
10:16:52 15852
10:16:53 15852
10:16:54 15852
10:16:55 15852
10:16:56 15845
10:16:57 15845
10:16:59 15845
10:17:00 15845
10:17:01 15842
10:17:02 15841
10:17:03 28796
10:17:04 28796
10:17:06 28796
10:17:07 28796
10:17:08 28793
10:17:09 28793
10:17:10 28795
10:17:12 28788
10:17:13 28788
10:17:14 28788
10:17:15 28788
10:17:16 28788
10:17:17 28788
10:17:18 28788
10:17:20 28788
10:17:21 28788
10:17:22 28788
10:17:23 28788
10:17:24 28797
10:17:25 28796
10:17:27 28796
10:17:28 28796
10:17:29 28798
10:17:30 28791
10:17:31 28791
10:17:32 28790
10:17:33 28789
10:17:35 28789
10:17:36 28789
10:17:37 28789
10:17:38 28789
10:17:39 28789
10:17:40 28789
10:17:41 28789
10:17:43 28789
10:17:44 28789
10:17:45 28788
10:17:46 29654
10:17:47 29654
10:17:48 29654
10:17:49 29654
10:17:51 29654
10:17:52 29654
10:17:53 29654
10:17:54 29654
10:17:55 29654
10:17:56 29654
10:17:58 15811
10:17:59 15812
10:18:00 15811
10:18:01 15805
10:18:02 15799
10:18:03 15799
10:18:04 15799
10:18:06 15799
10:18:07 15798
10:18:08 15798
10:18:09 15798
10:18:10 15798
10:18:11 15798
10:18:12 15798
10:18:14 15798
10:18:15 15798
10:18:16 15798
10:18:17 15798
10:18:18 15798
10:18:19 15795
10:18:21 15795
10:18:22 29624
10:18:23 29624
10:18:24 29624
10:18:25 29624
10:18:26 29624
10:18:27 29624
10:18:29 29624
10:18:30 29624
10:18:31 29623
10:18:32 29623
10:18:33 29623
10:18:34 29623
10:18:35 29623
10:18:37 29623
10:18:38 29623
10:18:39 29623
10:18:40 29623
10:18:41 29623
10:18:42 29623
10:18:43 29623
10:18:45 29623
10:18:46 29622
10:18:47 29622
10:18:48 29622
10:18:49 29622
10:18:50 29622
10:18:51 29622
10:18:53 29622
10:18:54 29622
10:18:55 29622
10:18:56 29622
10:18:57 29622
10:18:58 29622
10:18:59 29622
10:19:01 29617
10:19:02 29617
10:19:03 29596
10:19:04 29596
10:19:05 29596
10:19:06 29596
10:19:07 29596
10:19:09 29596
10:19:10 29600
10:19:11 29599
10:19:12 29598
10:19:13 29598
10:19:14 21666
10:19:16 15755
10:19:17 15756
10:19:18 15756
10:19:19 15755
10:19:20 15762
10:19:21 15763
10:19:22 15761
10:19:24 15760
10:19:25 15759
10:19:26 15759
10:19:27 15759
10:19:28 15759
10:19:29 15759
10:19:31 15760
10:19:32 15760
10:19:33 15760
10:19:34 15760
10:19:35 15760
10:19:36 15760
10:19:37 15770
10:19:39 15770
10:19:40 15767
10:19:41 15767
10:19:42 15763
10:19:43 29599
10:19:44 29599
10:19:46 29599
10:19:47 29598
10:19:48 29598
10:19:49 29598
10:19:50 29598
10:19:51 29598
10:19:52 29598
10:19:54 29598
10:19:55 29598
10:19:56 29598
10:19:57 29598
10:19:58 29598
10:19:59 29598
10:20:00 29598
10:20:02 29596
10:20:03 29596
10:20:04 29596
10:20:05 29596
10:20:06 29596
10:20:07 29595
10:20:08 29595
10:20:10 29595
10:20:11 29582
10:20:12 29582
10:20:13 29582
10:20:14 29569
10:20:15 29568
10:20:17 29568
10:20:18 29551
10:20:19 29551
10:20:20 29551
10:20:21 29551
10:20:22 29551
10:20:23 29551
10:20:25 29551
10:20:26 29551
10:20:27 29551
10:20:28 29551
10:20:29 29551
10:20:30 29551
10:20:31 29551
10:20:33 29551
10:20:34 29551
10:20:35 29551
10:20:36 29551
10:20:37 29551
10:20:38 29551
10:20:39 29550
10:20:41 29550
10:20:42 29550
10:20:43 29550
10:20:44 29550
10:20:45 29550
10:20:46 29550
10:20:48 29550
10:20:49 29550
10:20:50 29550
10:20:51 29548
10:20:52 29541
10:20:53 29541
10:20:54 29541
10:20:56 29541
10:20:57 29541
10:20:58 29541
10:20:59 29541
10:21:00 29541
10:21:01 29541
10:21:02 29541
10:21:03 29541
10:21:05 29541
10:21:06 29541
10:21:07 29541
10:21:08 29541
10:21:09 29540
10:21:10 29540
10:21:11 29540
10:21:13 29540
10:21:14 29540
10:21:15 29540
10:21:16 29540
10:21:17 29540
10:21:18 29540
10:21:19 29540
10:21:21 29540
