== leanprover/comparator @ ca04cfc72b550331658ec314bf47685281bfd4bf (2026-10-06)
== leanprover/lean4export @ 05d43a2bc773b40ecfdebb32294192a5ef756951 (2026-10-06)
== Zouuup/landrun @ 811cfff51ceaf3d9843708aa6d22e9b84ccac8b4 (2026-07-23)

===== comparator README =====
# Comparator
Comparator is a trustworthy judge for Lean proofs. It relies on having an existing Lean installation as
well as:
1. [`landrun`](https://github.com/Zouuup/landrun), compiled from the `main` branch's source, present in `PATH`
2. [`lean4export`](https://github.com/leanprover/lean4export/), at a version that is compatible with whatever Lean version your project is targeting, present in `PATH`
3. (optional) [nanoda](https://github.com/ammkrn/nanoda_lib/), compiled with a recent version of Rust.
   This is only necessary if you want to check with the nanoda kernel in addition to the builtin one.
   `cargo build --release` will place `nanoda_bin` in the `target/release` directory of the checked-out directory,
   this directory must be present in `PATH`

> [!NOTE]
> Alternatively full paths to these binaries can be specified using the environment variables
> `COMPARATOR_LANDRUN`, `COMPARATOR_LEAN4EXPORT`, and `COMPARATOR_NANODA` when invoking Comparator.

Comparator is configured through a JSON file:
```
{
    "challenge_module": "Challenge",
    "solution_module": "Solution",
    "theorem_names": ["todo1"],
    "permitted_axioms": ["propext", "Quot.sound", "Classical.choice"]
}
```
Where `Challenge.lean` contains at least a theorem named `todo1` that has a `sorry` (or any other proof)
and `Solution.lean` is provided by a party trying to convince you that they have proven `todo1` by
writing out the same theorem but with a proper proof attached.

Given the following assumptions:
1. The transitive closure of imports of `Challenge.lean` as well as `lakefile.toml`/`lakefile.lean`
   are controlled by you or trustworthy.
2. You have not previously tried to compile the `Solution` file or any other potentially adversarial
   files (as that might compromise your `Challenge` file to make it seem like you are looking for a
   different proof than you actually are)
3. You have the `landrun` and `lean4export` binary in `PATH`
4. `landrun` works correctly on your system and `Solution.lean` does not
   exploit any bugs in `landrun` that allow a process to escape its sandbox
5. The Lean kernel is correct (with `external_kernels` this can be reduced to
   "At least one of the Lean kernel or the `external_kernels` is correct")
6. You are not running this under a privileged user

If the following command succeeds:
```
systemd-run --property=RestrictAddressFamilies=~AF_UNIX --user --pty -E PATH="$PATH" --working-directory $(pwd) -- bash -c 'lake env path/to/comparator/binary path/to/config.json'
```

All theorems in `Solution` that are listed in `theorem_names` are guaranteed to:
1. Prove the same statement as provided in `Challenge`
2. Use no more axioms than listed in `permitted_axioms`
3. Be accepted by the Lean kernel

> [!NOTE]
> The Trusted Code Base of Landrun naturally includes the operating system and hardware it is running on, plus its sandboxing mechanism.
> The systemd-run part explicitly guard against a vulnerability in landrun, Comparator's current sandboxing solution, that will be fixed in Linux 7.1

Note that running `lake exe cache get` to download a Mathlib cache is acceptable before running the
comparator if you trust the cache to not be modified as to, e.g. contain different definitions from
the one you would expect.

Furthermore, it is possible to avoid trusting `landrun`'s ability to sandbox the `Solution.lean` file:
if you have obtained a fully pre-built `.lake` directory through other means and without compromising your
checking environment, `Solution.lean` will not be rebuilt.

## Checking with Additional Kernels
Comparator can additionally check solutions with external kernels. To do this you must register them
in the `external_kernels` list:
```
{
    "challenge_module": "Challenge",
    "solution_module": "Solution",
    "theorem_names": ["todo1"],
    "permitted_axioms": ["propext", "Quot.sound", "Classical.choice"],
    "external_kernels": {
        "mykernel": ["kernel_bin", "--threads=4", "--paranoid"]
    }
}
```
Comparator will execute the command described by the `mykernel` array and additionally pass a
file, containing the solution export to the kernel, in this case: `kernel_bin --threads=4 --paranoid export.ndjson`

For backwards compatibility reasons users may instead set `enable_nanoda: true` to obtain a config
that calls `nanoda_bin`. Furthermore, comparator currently attempts to detect `nanoda`-style kernels
by checking whether the name contains the string `noda` and instead passing a `nanoda`-style
`config.json` to them. This is only intended as a migration path while the kernel ecosystem
moves toward having an option to receive the input file as a `CLI` argument.

For development purposes, comparator supports overriding `nanoda` specifically using the
`COMPARATOR_NANODA` environment variable.
## Definition Holes
Sometimes challenges want to leave open definitions for solutions to fill in. This can range from
simple things like filling in a `Prop` valued definition to resolve whether a conjecture is true or
false, all the way to constructing complex mathematical objects. For these types of solutions,
comparator can guarantee that:
1. They use no more axioms than listed in `permitted_axioms`
2. They are accepted by the Lean kernel
3. The name, type, universe levels and safety levels of all definition holes match

Crucially, many definition hole challenges can be gamed without additional oversight.
For example, given a conjecture-style challenge:
```lean
def ChallengeSolution : Prop := sorry
theorem challenge : RiemannHypothesis ↔ ChallengeSolution := sorry
```
a solution could define `ChallengeSolution` as:
```lean
def ChallengeSolution : Prop := RiemannHypothesis
```
and conduct a simple proof of `challenge` by reflexivity. The intention of the challenge though was
of course to ask for a `True` or `False` value for `ChallengeSolution`. For this reason, all
definition hole solutions **must** always be checked with an additional (potentially human)
verifier.

To establish a definition hole, the challenge must provide it as a sorried definition:
```lean
def large : Nat := sorry

theorem large_lt : 37 < large := sorry
```
All of the holes must then be put into the `definition_names` field in `configuration.json`:
```
{

===== comparator files =====
Comparator
Comparator.lean
LICENSE
Main.lean
README.md
lake-manifest.json
lakefile.toml
lean-toolchain
runtests.lean
scripts
tests
leanprover/lean4:v4.35.0-rc4

===== landrun invocation in comparator =====
comparator/Main.lean:335:  let whichLandrun := (← IO.getEnv "COMPARATOR_LANDRUN").getD "landrun"
