Running as unit: run-u0.service; invocation ID: f2e27683904742dca5e92e264275bbcd
warning: PrimeNumberTheoremAnd: repository '/home/checker/math/lean/.lake/packages/PrimeNumberTheoremAnd' has local changes
warning: belyi: reposBuilding ComparatorChallenges.SiegelZeros
⚠ [8924/8924] Built ComparatorChallenges.SiegelZeros (57s)
warning: ComparatorChallenges/SiegelZeros.lean:8:8: declaration uses `sorry`
warning: ComparatorChallenges/SiegelZeros.lean:19:8: declaration uses `sorry`
Build completed successfully (8924 jobs).
Exporting #[Quot, Quot.mk, Quot.lift, Quot.ind, OAI.SiegelZeros.WeightedTorusJets.exists_absolute_real_zero_gap, OAI.SiegelZeros.WeightedTorusJets.dirichletRealZeroBound_proof, propext, Classical.choice, Quot.sound, Nat.add, Nat.sub, Nat.mul, Nat.pow, Nat.gcd, Nat.div, Nat.mod, Nat.beq, Nat.ble, Nat.land, Nat.lor, Nat.xor, Nat.shiftLeft, Nat.shiftRight, String.ofList, Char.ofNat, List, eagerReduce, Nat, String, String.mk, Char, optParam, autoParam, semiOutParam, outParam] from ComparatorChallenges.SiegelZeros
Building OAI.NumberTheory.SiegelZeros.Main
✔ [8924/9046] Built OAI.NumberTheory.SiegelZeros.Determinants.DeterminantBridge (4.9s)
✔ [8925/9046] Built OAI.NumberTheory.SiegelZeros.Differentials.InvariantDerivation (5.1s)
✔ [8926/9046] Built OAI.NumberTheory.SiegelZeros.Selection.RowSpan (5.7s)
✔ [8927/9046] Built OAI.NumberTheory.SiegelZeros.EntireFunctions.GammaBound (6.9s)
✔ [8928/9052] Built OAI.NumberTheory.SiegelZeros.Differentials.LogDerivative (7.1s)
✔ [8929/9052] Built OAI.NumberTheory.SiegelZeros.Structure.ArchimedeanTheta (7.2s)
✔ [8930/9054] Built OAI.NumberTheory.SiegelZeros.Characters.PrimePowerTail (7.4s)
✔ [8931/9054] Built OAI.NumberTheory.SiegelZeros.Characters.Biquadratic (7.3s)
✔ [8932/9062] Built OAI.NumberTheory.SiegelZeros.Differentials.ZetaLogDerivative (7.5s)
✔ [8933/9062] Built OAI.NumberTheory.SiegelZeros.EntireFunctions.Hadamard (7.6s)
✔ [8934/9069] Built OAI.NumberTheory.SiegelZeros.Characters.MangoldtMass (8.3s)
✔ [8935/9069] Built OAI.NumberTheory.SiegelZeros.Structure.MasterContradiction (8.3s)
✔ [8936/9074] Built OAI.NumberTheory.SiegelZeros.Structure.OrderedBasis (6.1s)
✔ [8937/9075] Built OAI.NumberTheory.SiegelZeros.LocalAlgebra.ResidueField (6.2s)
✔ [8938/9075] Built OAI.NumberTheory.SiegelZeros.LocalAlgebra.BoxPolynomials (5.3s)
✔ [8939/9077] Built OAI.NumberTheory.SiegelZeros.Estimates.PrimeBounds (6.5s)
✔ [8940/9077] Built OAI.NumberTheory.SiegelZeros.Selection.RowReplacement (7.1s)
✔ [8941/9077] Built OAI.NumberTheory.SiegelZeros.Estimates.FloorExponents (7.3s)
✔ [8942/9077] Built OAI.NumberTheory.SiegelZeros.EntireFunctions.ZeroContribution (7.4s)
✔ [8943/9077] Built OAI.NumberTheory.SiegelZeros.Characters.ExceptionalConductor (7.3s)
✔ [8944/9079] Built OAI.NumberTheory.SiegelZeros.Estimates.AsymptoticAssembly (9.3s)
✔ [8945/9079] Built OAI.NumberTheory.SiegelZeros.Selection.InvariantBox (5.0s)
✔ [8946/9082] Built OAI.NumberTheory.SiegelZeros.LocalAlgebra.LocalizedRadical (6.4s)
✔ [8947/9083] Built OAI.NumberTheory.SiegelZeros.Differentials.DerivativeBound (8.6s)
✔ [8948/9087] Built OAI.NumberTheory.SiegelZeros.Differentials.DerivativeMatrix (8.3s)
✔ [8949/9087] Built OAI.NumberTheory.SiegelZeros.Structure.GenericCombination (6.5s)
✔ [8950/9087] Built OAI.NumberTheory.SiegelZeros.Selection.SelectionBridge (14s)
✔ [8951/9087] Built OAI.NumberTheory.SiegelZeros.Structure.FieldAutomorphisms (19s)
✔ [8952/9087] Built OAI.NumberTheory.SiegelZeros.Structure.RectangleGenerators (12s)
✔ [8953/9089] Built OAI.NumberTheory.SiegelZeros.Structure.CyclicPrimeFactor (7.1s)
✔ [8954/9090] Built OAI.NumberTheory.SiegelZeros.Determinants.ThetaDivisibility (13s)
✔ [8955/9090] Built OAI.NumberTheory.SiegelZeros.Determinants.NormalizedCompletion (10s)
✔ [8956/9090] Built PrimeNumberTheoremAnd.SiegelZeros.Products (24s)
✔ [8957/9090] Built OAI.NumberTheory.SiegelZeros.LocalAlgebra.ParameterKilledFiniteLength (7.1s)
✔ [8958/9090] Built OAI.NumberTheory.SiegelZeros.LocalAlgebra.ConePrimeLocalization (18s)
✔ [8959/9090] Built OAI.NumberTheory.SiegelZeros.Intersection.IsolatedIntersectionSteps (6.7s)
✔ [8960/9090] Built OAI.NumberTheory.SiegelZeros.Structure.FiberCount (6.8s)
✔ [8961/9090] Built OAI.NumberTheory.SiegelZeros.Structure.EndomorphismEulerAdditivity (10s)
✔ [8962/9090] Built OAI.NumberTheory.SiegelZeros.Structure.RealCutoff (7.0s)
✔ [8963/9090] Built OAI.NumberTheory.SiegelZeros.Characters.SquarefreeRadicands (7.5s)
✔ [8964/9090] Built OAI.NumberTheory.SiegelZeros.Hilbert.PrimeHilbertDimension (6.4s)
✔ [8965/9090] Built OAI.NumberTheory.SiegelZeros.Structure.SignedDiscriminant (6.0s)
✔ [8966/9090] Built OAI.NumberTheory.SiegelZeros.Structure.GaussLegendre (6.9s)
✔ [8967/9090] Built OAI.NumberTheory.SiegelZeros.Structure.ThetaJetBridge (6.0s)
✔ [8968/9090] Built OAI.NumberTheory.SiegelZeros.LocalAlgebra.LocalizedFiltrationLength (9.8s)
✔ [8969/9090] Built OAI.NumberTheory.SiegelZeros.Structure.FiniteLower (8.5s)
✔ [8970/9095] Built OAI.NumberTheory.SiegelZeros.EntireFunctions.PolynomialGrowthRanks (7.7s)
✔ [8971/9095] Built PrimeNumberTheoremAnd.SiegelZeros.Counting (36s)
✔ [8972/9096] Built OAI.NumberTheory.SiegelZeros.Hilbert.ConeHomogeneousEquations (7.0s)
✔ [8973/9098] Built OAI.NumberTheory.SiegelZeros.Differentials.GammaFactorDerivative (8.3s)
✔ [8974/9103] Built OAI.NumberTheory.SiegelZeros.Selection.OrderedGreedyRows (6.8s)
✔ [8975/9105] Built OAI.NumberTheory.SiegelZeros.Selection.PivotReindexing (7.8s)
✔ [8976/9105] Built OAI.NumberTheory.SiegelZeros.Determinants.RectangleDeterminant (8.6s)
✔ [8977/9105] Built OAI.NumberTheory.SiegelZeros.Hilbert.HomogeneousSections (5.9s)
✔ [8978/9107] Built OAI.NumberTheory.SiegelZeros.Hilbert.HomogeneousComponentLength (8.0s)
✔ [8979/9112] Built OAI.NumberTheory.SiegelZeros.EntireFunctions.FiniteNormalizationGrowth (12s)
✔ [8980/9115] Built OAI.NumberTheory.SiegelZeros.Selection.EventuallyPivots (15s)
✔ [8981/9117] Built OAI.NumberTheory.SiegelZeros.Characters.CharacterLegendre (9.0s)
✔ [8982/9117] Built OAI.NumberTheory.SiegelZeros.LocalAlgebra.StabilizedColonPowers (7.1s)
✔ [8983/9117] Built OAI.NumberTheory.SiegelZeros.LocalAlgebra.TriangularLocalParametersTransport (18s)
✔ [8984/9123] Built OAI.NumberTheory.SiegelZeros.LocalAlgebra.PolynomialCumulative (8.4s)
✔ [8985/9123] Built OAI.NumberTheory.SiegelZeros.LocalAlgebra.RegularParameterSelection (8.9s)
✔ [8986/9124] Built OAI.NumberTheory.SiegelZeros.Intersection.AffineTranscendenceDimension (9.4s)
✔ [8987/9125] Built OAI.NumberTheory.SiegelZeros.LocalAlgebra.QuotientPrimeResidueBasis (7.8s)
✔ [8988/9125] Built OAI.NumberTheory.SiegelZeros.LocalAlgebra.PolynomialCoefficientLocalization (11s)
✔ [8989/9126] Built PrimeNumberTheoremAnd.SiegelZeros.DivisorBasics (29s)
✔ [8990/9126] Built OAI.NumberTheory.SiegelZeros.LocalAlgebra.PrimeResidueAlgebraEquiv (10s)
✔ [8991/9129] Built OAI.NumberTheory.SiegelZeros.Determinants.DeterminantComparison (13s)
✔ [8992/9129] Built OAI.NumberTheory.SiegelZeros.LocalAlgebra.CoefficientLocalizationMaximal (15s)
✔ [8993/9129] Built OAI.NumberTheory.SiegelZeros.LocalAlgebra.CoordinateQuotientGrading (18s)
✔ [8994/9130] Built OAI.NumberTheory.SiegelZeros.Intersection.TorusProjectiveClosure (24s)
✔ [8995/9130] Built OAI.NumberTheory.SiegelZeros.LocalAlgebra.LocFinished with result: success
Main processes terminated with: code=exited/status=0
Service runtime: 26min 9.643s
✔ [8997/9134] Built OAI.NumberTheory.SiegelZeros.Structure.ComponentHeight (7.0s)
✔ [8998/9136] Built OAI.NumberTheory.SiegelZeros.LocalAlgebra.ParameterCombinations (5.3s)
✔ [8999/9141] Built OAI.NumberTheory.SiegelZeros.LocalAlgebra.ConeRegularSequence (12s)
✔ [9000/9142] Built OAI.NumberTheory.SiegelZeros.Structure.GaussFixedField (22s)
✔ [9001/9142] Built OAI.NumberTheory.SiegelZeros.Selection.SplitCoordinateClosedPoint (9.8s)
✔ [9002/9142] Built OAI.NumberTheory.SiegelZeros.Structure.FinsuppCandidates (5.3s)
✔ [9003/9144] Built OAI.NumberTheory.SiegelZeros.EntireFunctions.RegularSequenceHomZero (6.2s)
✔ [9004/9146] Built PrimeNumberTheoremAnd.SiegelZeros.CartanBounds (35s)
✔ [9005/9147] Built OAI.NumberTheory.SiegelZeros.Structure.IdentityHeight (10s)
✔ [9006/9147] Built OAI.NumberTheory.SiegelZeros.Differentials.ConormalPairing (7.2s)
✔ [9007/9147] Built OAI.NumberTheory.SiegelZeros.Intersection.LocalIntersectionFormula (26s)
✔ [9008/9147] Built OAI.NumberTheory.SiegelZeros.LocalAlgebra.ConeQuotientAugmentation (12s)
✔ [9009/9147] Built OAI.NumberTheory.SiegelZeros.LocalAlgebra.GaussMinimalPolynomial (9.9s)
✔ [9010/9147] Built OAI.NumberTheory.SiegelZeros.Hilbert.HilbertZeroVariables (18s)
✔ [9011/9148] Built OAI.NumberTheory.SiegelZeros.Determinants.NormalDirectionSelection (10s)
✔ [9012/9152] Built OAI.NumberTheory.SiegelZeros.Structure.ConcreteArchimedean (21s)
✔ [9013/9152] Built OAI.NumberTheory.SiegelZeros.LocalAlgebra.ParameterIntegration (9.7s)
✔ [9014/9152] Built OAI.NumberTheory.SiegelZeros.Differentials.SmoothConormalExtension (7.9s)
✔ [9015/9152] Built OAI.NumberTheory.SiegelZeros.LocalAlgebra.JetCoefficients (9.3s)
✔ [9016/9152] Built OAI.NumberTheory.SiegelZeros.Structure.SplitClosedPointCompatibility (12s)
✔ [9017/9153] Built OAI.NumberTheory.SiegelZeros.LocalAlgebra.DVRLocalCoordinates (10s)
✔ [9018/9153] Built OAI.NumberTheory.SiegelZeros.Intersection.TorusPolynomial (11s)
✔ [9019/9153] Built OAI.NumberTheory.SiegelZeros.LocalAlgebra.LocalizedOneCutPropagation (10s)
✔ [9020/9156] Built OAI.NumberTheory.SiegelZeros.LocalAlgebra.ColonSeriesTelescope (6.8s)
✔ [9021/9156] Built OAI.NumberTheory.SiegelZeros.LocalAlgebra.RegularSequenceSeries (8.2s)
✔ [9022/9156] Built OAI.NumberTheory.SiegelZeros.Characters.GaussSquarefreeBridge (10s)
✔ [9023/9156] Built OAI.NumberTheory.SiegelZeros.Determinants.IntegralGaussReduction (11s)
✔ [9024/9158] Built PrimeNumberTheoremAnd.SiegelZeros.DivisorProducts (39s)
✔ [9025/9158] Built OAI.NumberTheory.SiegelZeros.Estimates.GlobalConstants (9.6s)
✔ [9026/9159] Built OAI.NumberTheory.SiegelZeros.LocalAlgebra.ResidueIndependence (6.1s)
✔ [9027/9159] Built OAI.NumberTheory.SiegelZeros.LocalAlgebra.RegularPrefixLocalization (19s)
✔ [9028/9161] Built OAI.NumberTheory.SiegelZeros.Structure.KoszulDualStep (19s)
✔ [9029/9163] Built OAI.NumberTheory.SiegelZeros.Intersection.NormalIntersection (8.3s)
✔ [9030/9163] Built OAI.NumberTheory.SiegelZeros.Structure.CodimensionOne (11s)
✔ [9031/9163] Built OAI.NumberTheory.SiegelZeros.Determinants.GenericNormalizationFinite (18s)
✔ [9032/9163] Built OAI.NumberTheory.SiegelZeros.Differentials.DerivativeGeneratorBridge (13s)
✔ [9033/9163] Built OAI.NumberTheory.SiegelZeros.Determinants.GeneratedGreedyDivisibility (20s)
✔ [9034/9166] Built OAI.NumberTheory.SiegelZeros.Differentials.ConormalNonvanishing (6.6s)
✔ [9035/9166] Built OAI.NumberTheory.SiegelZeros.Characters.CharacterFrobenius (9.1s)
✔ [9036/9166] Built OAI.NumberTheory.SiegelZeros.LocalAlgebra.RegularSequenceAugmentation (7.6s)
✔ [9037/9167] Built OAI.NumberTheory.SiegelZeros.Structure.DvrFractions (6.5s)
✔ [9038/9167] Built OAI.NumberTheory.SiegelZeros.Estimates.KoszulBounded (7.9s)
✔ [9039/9167] Built OAI.NumberTheory.SiegelZeros.Intersection.LocalPrefixCutDimension (9.2s)
✔ [9040/9175] Built OAI.NumberTheory.SiegelZeros.LocalAlgebra.GenericRegularity (10s)
✔ [9041/9175] Built OAI.NumberTheory.SiegelZeros.LocalAlgebra.RingLength (8.5s)
✔ [9042/9178] Built OAI.NumberTheory.SiegelZeros.Intersection.DivisorSmoothness (13s)
✔ [9043/9178] Built OAI.NumberTheory.SiegelZeros.Estimates.RectangleNumerics (9.8s)
✔ [9044/9178] Built OAI.NumberTheory.SiegelZeros.Structure.Radicand (11s)
✔ [9045/9179] Built OAI.NumberTheory.SiegelZeros.Hilbert.ProperHypersurfaceHilbert (21s)
✔ [9046/9179] Built OAI.NumberTheory.SiegelZeros.Structure.KoszulTopTerm (10s)
✔ [9047/9179] Built OAI.NumberTheory.SiegelZeros.LocalAlgebra.RectangularLocalization (8.0s)
✔ [9048/9181] Built OAI.NumberTheory.SiegelZeros.Structure.IteratedKoszulExactness (16s)
✔ [9049/9183] Built OAI.NumberTheory.SiegelZeros.LocalAlgebra.PolynomialBridge (6.9s)
✔ [9050/9186] Built OAI.NumberTheory.SiegelZeros.LocalAlgebra.ResidueMap (20s)
✔ [9051/9187] Built OAI.NumberTheory.SiegelZeros.LocalAlgebra.AffineClosedPointLocalization (38s)
✔ [9052/9187] Built OAI.NumberTheory.SiegelZeros.Structure.GradedGeneration (8.9s)
✔ [9053/9190] Built PrimeNumberTheoremAnd.SiegelZeros.DivisorLimits (28s)
✔ [9054/9190] Built OAI.NumberTheory.SiegelZeros.Structure.HeightFourIdentity (12s)
✔ [9055/9191] Built OAI.NumberTheory.SiegelZeros.Differentials.SelectedCotangent (41s)
✔ [9056/9191] Built OAI.NumberTheory.SiegelZeros.Characters.CharacterDeterminant (11s)
✔ [9057/9191] Built OAI.NumberTheory.SiegelZeros.Differentials.KoszulTopDifferential (12s)
✔ [9058/9195] Built OAI.NumberTheory.SiegelZeros.Structure.OmegaIndependence (6.5s)
✔ [9059/9195] Built OAI.NumberTheory.SiegelZeros.LocalAlgebra.ScalarExtension (7.6s)
✔ [9060/9195] Built OAI.NumberTheory.SiegelZeros.Selection.Directions (9.4s)
✔ [9061/9195] Built OAI.NumberTheory.SiegelZeros.Differentials.CotangentGeneration (6.9s)
✔ [9062/9195] Built OAI.NumberTheory.SiegelZeros.Structure.CanonicalDivisorScalars (17s)
✔ [9063/9195] Built OAI.NumberTheory.SiegelZeros.Characters.PrimeTerms (7.4s)
✔ [9064/9195] Built OAI.NumberTheory.SiegelZeros.Selection.CoordinateBasisSplitting (10s)
✔ [9065/9195] Built OAI.NumberTheory.SiegelZeros.Structure.ConcreteArchimedeanBridge (11s)
✔ [9066/9195] Built OAI.NumberTheory.SiegelZeros.EntireFunctions.AnalyticBridge (7.3s)
✔ [9067/9195] Built OAI.NumberTheory.SiegelZeros.Structure.Factorization (8.8s)
✔ [9068/9198] Built OAI.NumberTheory.SiegelZeros.Hilbert.PrimeHilbertComparison (22s)
✔ [9069/9198] Built OAI.NumberTheory.SiegelZeros.Structure.KoszulDualInitial (10s)
✔ [9070/9208] Built OAI.NumberTheory.SiegelZeros.Determinants.NormalSurjectivity (11s)
✔ [9071/9208] Built OAI.NumberTheory.SiegelZeros.EntireFunctions.ZeroShellBounds (11s)
✔ [9072/9211] Built OAI.NumberTheory.SiegelZeros.Selection.CoordinateConstancy (10s)
✔ [9073/9211] Built OAI.NumberTheory.SiegelZeros.LocalAlgebra.GlobalStalkExtension (12s)
✔ [9074/9214] Built OAI.NumberTheory.SiegelZeros.LocalAlgebra.PolynomialLocalRegularParameters (11s)
✔ [9075/9214] Built OAI.NumberTheory.SiegelZeros.LocalAlgebra.GenericResidueFunctionField (13s)
✔ [9076/9214] Built OAI.NumberTheory.SiegelZeros.Structure.RealBridge (10s)
✔ [9077/9219] Built OAI.NumberTheory.SiegelZeros.LocalAlgebra.ParameterChoices (6.2s)
✔ [9078/9220] Built OAI.NumberTheory.SiegelZeros.EntireFunctions.EntireLogarithm (7.7s)
✔ [9079/9224] Built PrimeNumberTheoremAnd.SiegelZeros.Factorization (24s)
✔ [9080/9224] Built OAI.NumberTheory.SiegelZeros.Structure.PrimeDegreeExistence (8.4s)
✔ [9081/9224] Built OAI.NumberTheory.SiegelZeros.LocalAlgebra.LocalResidueTaylor (8.6s)
✔ [9083/9242] Built OAI.NumberTheory.SiegelZeros.Estimates.ContrarySequence (7.8s)
✔ [9084/9242] Built OAI.NumberTheory.SiegelZeros.LocalAlgebra.LocalGap (7.4s)
✔ [9085/9242] Built OAI.NumberTheory.SiegelZeros.Structure.EventuallyInputs (7.8s)
✔ [9086/9242] Built OAI.NumberTheory.SiegelZeros.EntireFunctions.IndexedProduct (27s)
✔ [9087/9242] Built OAI.NumberTheory.SiegelZeros.Model (14s)
✔ [9088/9242] Built OAI.NumberTheory.SiegelZeros.Hilbert.HilbertMultiplicityFiltration (11s)
✔ [9089/9242] Built OAI.NumberTheory.SiegelZeros.Intersection.PrimeHypersurfaceEquidimension (14s)
✔ [9090/9242] Built OAI.NumberTheory.SiegelZeros.Characters.BoundedConductor (9.1s)
✔ [9091/9242] Built OAI.NumberTheory.SiegelZeros.Differentials.UnconditionalGlobalLogform (16s)
✔ [9092/9242] Built OAI.NumberTheory.SiegelZeros.Selection.EventualSelection (8.9s)
✔ [9093/9242] Built OAI.NumberTheory.SiegelZeros.LocalAlgebra.RegularParameterSelectionLemmas (20s)
✔ [9094/9242] Built OAI.NumberTheory.SiegelZeros.Structure.AffineFactor (10s)
✔ [9095/9242] Built OAI.NumberTheory.SiegelZeros.Estimates.ComponentMultiplicityBound (8.9s)
✔ [9096/9242] Built OAI.NumberTheory.SiegelZeros.Structure.PrimeCutBudget (9.9s)
✔ [9097/9242] Built OAI.NumberTheory.SiegelZeros.EntireFunctions.AffineCircles (6.3s)
✔ [9098/9242] Built OAI.NumberTheory.SiegelZeros.Estimates.GenuineSequence (12s)
✔ [9099/9242] Built PrimeNumberTheoremAnd.SiegelZeros.Summability (26s)
✔ [9100/9242] Built OAI.NumberTheory.SiegelZeros.Intersection.CompleteIntersectionComponentBound (7.6s)
✔ [9101/9242] Built OAI.NumberTheory.SiegelZeros.Intersection.RetainedIntersectionCycles (6.8s)
✔ [9102/9242] Built PrimeNumberTheoremAnd.SiegelZeros.ProductBounds (53s)
✔ [9103/9242] Built OAI.NumberTheory.SiegelZeros.Estimates.AffineAsymptotics (7.1s)
✔ [9104/9242] Built OAI.NumberTheory.SiegelZeros.LocalAlgebra.SequenceParameters (11s)
✔ [9105/9242] Built OAI.NumberTheory.SiegelZeros.Structure.SelectedComponentTaylor (36s)
✔ [9106/9242] Built OAI.NumberTheory.SiegelZeros.Structure.MultiplicityCycles (11s)
✔ [9107/9242] Built OAI.NumberTheory.SiegelZeros.LocalAlgebra.SelectedLengthContradiction (8.2s)
✔ [9108/9242] Built OAI.NumberTheory.SiegelZeros.Structure.Augmentation (5.6s)
✔ [9109/9242] Built OAI.NumberTheory.SiegelZeros.Determinants.NormalSelection (37s)
✔ [9110/9242] Built OAI.NumberTheory.SiegelZeros.LocalAlgebra.RegularCutHistory (12s)
✔ [9111/9242] Built OAI.NumberTheory.SiegelZeros.Structure.RectanglePresentation (10s)
✔ [9112/9242] Built OAI.NumberTheory.SiegelZeros.Differentials.RectangleCotangentBasis (6.0s)
✔ [9113/9242] Built OAI.NumberTheory.SiegelZeros.Hilbert.HomogeneousListHistory (7.0s)
✔ [9114/9242] Built PrimeNumberTheoremAnd.SiegelZeros.Exponential (29s)
✔ [9115/9242] Built OAI.NumberTheory.SiegelZeros.LocalAlgebra.ResidueDirectionSelection (17s)
✔ [9116/9242] Built OAI.NumberTheory.SiegelZeros.Intersection.IsolatedBezoutFromRegularSelection (11s)
✔ [9117/9242] Built PrimeNumberTheoremAnd.SiegelZeros.Growth (16s)
✔ [9118/9242] Built OAI.NumberTheory.SiegelZeros.LocalAlgebra.HeightFourLength (22s)
✔ [9119/9242] Built PrimeNumberTheoremAnd.SiegelZeros.HadamardSupport (5.5s)
✔ [9120/9242] Built OAI.NumberTheory.SiegelZeros.Structure.ArithmeticCutoffTransport (12s)
✔ [9121/9242] Built OAI.NumberTheory.SiegelZeros.Selection.JetRowAutCongr (23s)
✔ [9122/9242] Built OAI.NumberTheory.SiegelZeros.Determinants.IntegralDeterminantTransport (26s)
✔ [9123/9242] Built OAI.NumberTheory.SiegelZeros.Determinants.NormalizedMasterBound (28s)
✔ [9124/9242] Built OAI.NumberTheory.SiegelZeros.Characters.IntegerCharacter (37s)
✔ [9125/9242] Built OAI.NumberTheory.SiegelZeros.Selection.GreedyPivots (39s)
✔ [9126/9242] Built OAI.NumberTheory.SiegelZeros.LocalAlgebra.MonicSMulRegularQuotientMapC (39s)
✔ [9127/9242] Built OAI.NumberTheory.SiegelZeros.Structure.CharacterEstimates (40s)
✔ [9128/9242] Built OAI.NumberTheory.SiegelZeros.EntireFunctions.MellinConvergentTopIndicator (47s)
✔ [9129/9242] Built OAI.NumberTheory.SiegelZeros.Structure.ArithFrobIntegerGlobalCongruence (24s)
✔ [9130/9242] Built OAI.NumberTheory.SiegelZeros.Selection.GlobalWeightSortedJetEquiv (23s)
✔ [9131/9242] Built OAI.NumberTheory.SiegelZeros.Characters.CharacterMaster (23s)
✔ [9132/9242] Built OAI.NumberTheory.SiegelZeros.Characters.BiquadraticThetaMap (20s)
✔ [9133/9242] Built OAI.NumberTheory.SiegelZeros.Structure.SumCardFilterSumMin (18s)
✔ [9134/9242] Built OAI.NumberTheory.SiegelZeros.Structure.RamifiedMass (11s)
✔ [9135/9242] Built OAI.NumberTheory.SiegelZeros.Characters.BiquadraticBasis (63s)
✔ [9136/9242] Built OAI.NumberTheory.SiegelZeros.Structure.ConeMap (66s)
✔ [9137/9242] Built OAI.NumberTheory.SiegelZeros.Selection.WeightedJetIndices (27s)
✔ [9138/9242] Built OAI.NumberTheory.SiegelZeros.Structure.DominantFunctionFieldHom (57s)
✔ [9139/9242] Built OAI.NumberTheory.SiegelZeros.Structure.NotEventuallyMaster (30s)
✔ [9140/9242] Built OAI.NumberTheory.SiegelZeros.Characters.ConditionalPrimeBias (12s)
✔ [9141/9242] Built OAI.NumberTheory.SiegelZeros.Characters.ConductorCompletedL (28s)
✔ [9142/9242] Built OAI.NumberTheory.SiegelZeros.Structure.LinearShearHom (82s)
✔ [9143/9242] Built OAI.NumberTheory.SiegelZeros.Determinants.SqrtPairFrobeniusDirections (27s)
✔ [9144/9242] Built OAI.NumberTheory.SiegelZeros.LocalAlgebra.LocalQuotientEquiv (46s)
✔ [9145/9242] Built OAI.NumberTheory.SiegelZeros.Determinants.GenericNormalization (28s)
✔ [9146/9242] Built OAI.NumberTheory.SiegelZeros.EntireFunctions.AvoidZeroRadii (21s)
✔ [9147/9242] Built OAI.NumberTheory.SiegelZeros.Structure.Homogenize (32s)
✔ [9148/9242] Built OAI.NumberTheory.SiegelZeros.Characters.RealLogDerivConductorCompletedLDivisorTsum (28s)
✔ [9149/9242] Built OAI.NumberTheory.SiegelZeros.Structure.MapIInfPrimesOver (15s)
✔ [9150/9242] Built OAI.NumberTheory.SiegelZeros.LocalAlgebra.CanonicalQuotient (12s)
✔ [9151/9242] Built OAI.NumberTheory.SiegelZeros.Structure.Convergence (12s)
✔ [9152/9242] Built OAI.NumberTheory.SiegelZeros.Structure.CanonicalGoodMass (17s)
✔ [9153/9242] Built OAI.NumberTheory.SiegelZeros.Characters.FrobeniusRetainedCharacterField (27s)
✔ [9154/9242] Built OAI.NumberTheory.SiegelZeros.LocalAlgebra.CoeffPolynomialEvalMul (20s)
✔ [9155/9242] Built OAI.NumberTheory.SiegelZeros.Structure.QuadraticAdjoinBasis (31s)
✔ [9156/9242] Built OAI.NumberTheory.SiegelZeros.LocalAlgebra.AffineProjChartPolynomialEquiv (23s)
✔ [9157/9242] Built OAI.NumberTheory.SiegelZeros.LocalAlgebra.ParameterIdeal (32s)
✔ [9158/9242] Built OAI.NumberTheory.SiegelZeros.EntireFunctions.NormalizedHadamardTransfer (16s)
✔ [9159/9242] Built OAI.NumberTheory.SiegelZeros.EntireFunctions.CompletedLAnalyticOrderNeTop (28s)
✔ [9160/9242] Built OAI.NumberTheory.SiegelZeros.EntireFunctions.DeletedProduct (23s)
✔ [9161/9242] Built OAI.NumberTheory.SiegelZeros.Hilbert.HomogeneousDeformation (43s)
✔ [9162/9242] Built OAI.NumberTheory.SiegelZeros.Structure.ConeMapEval (17s)
✔ [9163/9242] Built OAI.NumberTheory.SiegelZeros.Characters.BiquadraticGoodPrimeUnramified (14s)
✔ [9164/9242] Built OAI.NumberTheory.SiegelZeros.Structure.SumLogPrimeFactors (39s)
✔ [9165/9242] Built OAI.NumberTheory.SiegelZeros.Estimates.LowerBoundTransfer (10s)
✔ [9166/9242] Built OAI.NumberTheory.SiegelZeros.Structure.SqrtTwoField (26s)
✔ [9167/9242] Built OAI.NumberTheory.SiegelZeros.Characters.BiquadraticGoodPrimeUnramifiedSameWitnessEquiv (11s)
✔ [9168/9242] Built OAI.NumberTheory.SiegelZeros.LocalAlgebra.DegreeSliceQuotientEquiv (13s)
✔ [9169/9242] Built OAI.NumberTheory.SiegelZeros.LocalAlgebra.LocalFractionAlgebra (21s)
✔ [9170/9242] Built OAI.NumberTheory.SiegelZeros.Structure.SumLogDivFilterDvdTwoMul (15s)
✔ [9171/9242] Built OAI.NumberTheory.SiegelZeros.Characters.NormLogDerivLFunctionNegLogDerivZeta (15s)
✔ [9172/9242] Built OAI.NumberTheory.SiegelZeros.Structure.DegreeMap (27s)
✔ [9173/9242] Built OAI.NumberTheory.SiegelZeros.Characters.AuxiliarySqrtPairCharacterField (9.6s)
✔ [9174/9242] Built OAI.NumberTheory.SiegelZeros.Structure.AffineAssembly (26s)
✔ [9175/9242] Built OAI.NumberTheory.SiegelZeros.Differentials.InvariantDerivationLemmas (12s)
✔ [9176/9242] Built OAI.NumberTheory.SiegelZeros.EntireFunctions.ReflectionZeros (6.9s)
✔ [9177/9242] Built OAI.NumberTheory.SiegelZeros.Structure.QuadraticEigencharacter (30s)
✔ [9178/9242] Built OAI.NumberTheory.SiegelZeros.Hilbert.HilbertSeries (15s)
✔ [9179/9242] Built OAI.NumberTheory.SiegelZeros.Estimates.ConstantCancellation (6.9s)
✔ [9180/9242] Built OAI.NumberTheory.SiegelZeros.Characters.BiquadraticArithmeticFull (18s)
✔ [9181/9242] Built OAI.NumberTheory.SiegelZeros.LocalAlgebra.ResidueTensorQuotientAlgEquiv (29s)
✔ [9182/9242] Built OAI.NumberTheory.SiegelZeros.Characters.QuadraticGroupCharacterFrobenius (10s)
✔ [9183/9242] Built OAI.NumberTheory.SiegelZeros.Characters.UnconditionalPrimeBias (6.9s)
✔ [9184/9242] Built OAI.NumberTheory.SiegelZeros.Structure.FinrankDegreePiecePosPrimeVariableNotMem (12s)
✔ [9185/9242] Built OAI.NumberTheory.SiegelZeros.LocalAlgebra.PolynomialBox (22s)
✔ [9186/9242] Built OAI.NumberTheory.SiegelZeros.LocalAlgebra.CoefficientSubspaceEquiv (16s)
✔ [9187/9242] Built OAI.NumberTheory.SiegelZeros.Estimates.GeometricBoundary (7.9s)
✔ [9188/9242] Built OAI.NumberTheory.SiegelZeros.Structure.QuadraticEigencharacterAutCongr (9.7s)
✔ [9189/9242] Built OAI.NumberTheory.SiegelZeros.Intersection.BezoutBoundary (8.3s)
✔ [9190/9242] Built OAI.NumberTheory.SiegelZeros.LocalAlgebra.GradedIdealQuotient (12s)
✔ [9191/9242] Built OAI.NumberTheory.SiegelZeros.Conclusions.Theorem (6.7s)
✔ [9192/9242] Built OAI.NumberTheory.SiegelZeros.LocalAlgebra.CoordinateLocalizedPrime (25s)
✔ [9193/9242] Built OAI.NumberTheory.SiegelZeros.Selection.RestrictWeightSortedEquiv (37s)
✔ [9194/9242] Built OAI.NumberTheory.SiegelZeros.Differentials.FinrankDerivationCardTranscendenceBasis (11s)
✔ [9195/9242] Built OAI.NumberTheory.SiegelZeros.Selection.GreedyPivotsWeightLowSpan (11s)
✔ [9196/9242] Built OAI.NumberTheory.SiegelZeros.LocalAlgebra.NormalizationPresentationLocalEquiv (23s)
✔ [9197/9242] Built OAI.NumberTheory.SiegelZeros.Selection.GlobalPivotValuationExponent (10s)
✔ [9198/9242] Built OAI.NumberTheory.SiegelZeros.Selection.GlobalRectanglePivotBounds (11s)
✔ [9199/9242] Built OAI.NumberTheory.SiegelZeros.Determinants.Divisibility (28s)
✔ [9200/9242] Built OAI.NumberTheory.SiegelZeros.EntireFunctions.LogarithmicForm (28s)
✔ [9201/9242] Built OAI.NumberTheory.SiegelZeros.Structure.LinearVariableBasis (17s)
✔ [9202/9242] Built OAI.NumberTheory.SiegelZeros.Determinants.NormSqReal (40s)
✔ [9203/9242] Built OAI.NumberTheory.SiegelZeros.LocalAlgebra.PolynomialLaurent (23s)
✔ [9204/9242] Built OAI.NumberTheory.SiegelZeros.Intersection.TorusImmersionGenericPointFormallySmooth (10s)
✔ [9205/9242] Built OAI.NumberTheory.SiegelZeros.Intersection.LocalLengthMulProjectiveClosureDegree (10s)
✔ [9206/9242] Built OAI.NumberTheory.SiegelZeros.EntireFunctions.LogarithmicFormLemma (12s)
✔ [9207/9242] Built OAI.NumberTheory.SiegelZeros.Intersection.ConeProjectivePoint (10s)
✔ [9208/9242] Built OAI.NumberTheory.SiegelZeros.Structure.FiniteTypeFieldModelEquiv (21s)
✔ [9209/9242] Built OAI.NumberTheory.SiegelZeros.Intersection.TorusRectangleJetIdealParametersProjectiveDegreeBound (13s)
✔ [9210/9242] Built OAI.NumberTheory.SiegelZeros.Intersection.TorusIntoProj (8.5s)
✔ [9211/9242] Built OAI.NumberTheory.SiegelZeros.EntireFunctions.ClosureSpecMapZeroLocus (9.2s)
✔ [9212/9242] Built OAI.NumberTheory.SiegelZeros.Hilbert.ConeChartHomogeneousLocal (9.2s)
✔ [9213/9242] Built OAI.NumberTheory.SiegelZeros.Differentials.LocalizeInvariantDerivationLogCoordinate (7.5s)
✔ [9214/9242] Built OAI.NumberTheory.SiegelZeros.Characters.CharacterGlobalGreedyDeterminantFullLocalBounds (25s)
✔ [9215/9242] Built OAI.NumberTheory.SiegelZeros.Hilbert.NormalizedHomogeneousChartEquation (6.7s)
✔ [9216/9242] Built OAI.NumberTheory.SiegelZeros.Intersection.TorusEvalOne (25s)
✔ [9217/9242] Built OAI.NumberTheory.SiegelZeros.Structure.LaurentEvalOne (11s)
✔ [9218/9242] Built OAI.NumberTheory.SiegelZeros.Structure.RectangleThreshold (19s)
✔ [9219/9242] Built OAI.NumberTheory.SiegelZeros.EntireFunctions.AffineZeroScheme (12s)
✔ [9220/9242] Built OAI.NumberTheory.SiegelZeros.LocalAlgebra.FractionEquivAlgebra (27s)
✔ [9221/9242] Built OAI.NumberTheory.SiegelZeros.Differentials.DerivationJet (9.1s)
✔ [9222/9242] Built OAI.NumberTheory.SiegelZeros.EntireFunctions.TorusJetZeroSchemeInclusion (12s)
✔ [9223/9242] Built OAI.NumberTheory.SiegelZeros.Differentials.TorusDerivationOverRat (16s)
✔ [9224/9242] Built OAI.NumberTheory.SiegelZeros.LocalAlgebra.PolynomialLinearCoefficients (17s)
✔ [9225/9242] Built OAI.NumberTheory.SiegelZeros.Structure.InvariantJetMonomial (9.8s)
✔ [9226/9242] Built OAI.NumberTheory.SiegelZeros.Structure.EvalOneInvariantJetMonomial (5.5s)
✔ [9227/9242] Built OAI.NumberTheory.SiegelZeros.Structure.IdealPowLayer (12s)
✔ [9228/9242] Built OAI.NumberTheory.SiegelZeros.LocalAlgebra.FinrankSpanAlgebraMapImage (7.5s)
✔ [9229/9242] Built OAI.NumberTheory.SiegelZeros.LocalAlgebra.AlgebraMapMemSpanImage (5.6s)
✔ [9230/9242] Built OAI.NumberTheory.SiegelZeros.LocalAlgebra.GreedyPivotsRingEquiv (5.4s)
✔ [9231/9242] Built OAI.NumberTheory.SiegelZeros.Differentials.TorusQuotientDimensionPosCotangentFinrankThree (19s)
✔ [9232/9242] Built OAI.NumberTheory.SiegelZeros.Structure.InvariantJetLinearMap (10s)
✔ [9233/9242] Built OAI.NumberTheory.SiegelZeros.Structure.RectangularGradedPieceGeneratedByDegreeOne (10s)
✔ [9234/9242] Built OAI.NumberTheory.SiegelZeros.Differentials.FractionEulerDerivation (17s)
✔ [9235/9242] Built OAI.NumberTheory.SiegelZeros.Characters.CharacterGlobalGreedyDeterminantMasterBounds (17s)
✔ [9236/9242] Built OAI.NumberTheory.SiegelZeros.EntireFunctions.RealZeroUniformMasterBound (11s)
✔ [9237/9242] Built OAI.NumberTheory.SiegelZeros.Selection.PivotBounds (14s)
✔ [9238/9242] Built OAI.NumberTheory.SiegelZeros.Characters.DirichletRealZeroBound (5.7s)
✔ [9239/9242] Built OAI.NumberTheory.SiegelZeros.Characters.DirichletRealZeroBoundProof (6.3s)
✔ [9240/9242] Built OAI.NumberTheory.SiegelZeros.Characters.SumCharacterPeriodZero (15s)
✔ [9241/9242] Built OAI.NumberTheory.SiegelZeros.Characters.BiquadraticBasisGroupTransport (54s)
✔ [9242/9242] Built OAI.NumberTheory.SiegelZeros.Main (4.0s)
Build completed successfully (9242 jobs).
Exporting #[Quot, Quot.mk, Quot.lift, Quot.ind, OAI.SiegelZeros.WeightedTorusJets.exists_absolute_real_zero_gap, OAI.SiegelZeros.WeightedTorusJets.dirichletRealZeroBound_proof, propext, Classical.choice, Quot.sound, Nat.add, Nat.sub, Nat.mul, Nat.pow, Nat.gcd, Nat.div, Nat.mod, Nat.beq, Nat.ble, Nat.land, Nat.lor, Nat.xor, Nat.shiftLeft, Nat.shiftRight, String.ofList, Char.ofNat, List, eagerReduce, Nat, String, String.mk, Char, optParam, autoParam, semiOutParam, outParam] from OAI.NumberTheory.SiegelZeros.Main
Running Lean default kernel on solution.
Lean default kernel accepts the solution
Your solution is okay!
COMPARATOR EXIT CODE: 0
Thu Oct  8 12:41:30 EDT 2026
