Running as unit: run-u0.service; invocation ID: 4b55f6c9e29d4f28939b615729315c90
warning: PrimeNumberTheoremAnd: repository '/home/checker/math/lean/.lake/packages/PrimeNumberTheoremAnd' has local changes
warning: belyi: reposBuilding ComparatorChallenges.SiegelZeros
⚠ [8924/8924] Built ComparatorChallenges.SiegelZeros (62s)
warning: ComparatorChallenges/SiegelZeros.lean:8:8: declaration uses `sorry`
warning: ComparatorChallenges/SiegelZeros.lean:19:8: declaration uses `sorry`
Build completed successfully (8924 jobs).
Exporting #[Quot, Quot.mk, Quot.lift, Quot.ind, OAI.SiegelZeros.WeightedTorusJets.exists_absolute_real_zero_gap, OAI.SiegelZeros.WeightedTorusJets.dirichletRealZeroBound_proof, propext, Classical.choice, Quot.sound, Nat.add, Nat.sub, Nat.mul, Nat.pow, Nat.gcd, Nat.div, Nat.mod, Nat.beq, Nat.ble, Nat.land, Nat.lor, Nat.xor, Nat.shiftLeft, Nat.shiftRight, String.ofList, Char.ofNat, List, eagerReduce, Nat, String, String.mk, Char, optParam, autoParam, semiOutParam, outParam] from ComparatorChallenges.SiegelZeros
Building OAI.NumberTheory.SiegelZeros.Main
✔ [8924/9043] Built OAI.NumberTheory.SiegelZeros.Selection.RowSpan (5.6s)
✔ [8925/9045] Built OAI.NumberTheory.SiegelZeros.Determinants.DeterminantBridge (6.3s)
✔ [8926/9046] Built OAI.NumberTheory.SiegelZeros.Structure.ArchimedeanTheta (7.5s)
✔ [8927/9047] Built OAI.NumberTheory.SiegelZeros.Differentials.LogDerivative (8.3s)
✔ [8928/9052] Built OAI.NumberTheory.SiegelZeros.Differentials.InvariantDerivation (8.8s)
✔ [8929/9052] Built OAI.NumberTheory.SiegelZeros.EntireFunctions.Hadamard (8.8s)
✔ [8930/9054] Built OAI.NumberTheory.SiegelZeros.Characters.PrimePowerTail (8.8s)
✔ [8931/9062] Built OAI.NumberTheory.SiegelZeros.Characters.MangoldtMass (8.0s)
✔ [8932/9066] Built OAI.NumberTheory.SiegelZeros.Characters.Biquadratic (9.5s)
✔ [8933/9066] Built OAI.NumberTheory.SiegelZeros.EntireFunctions.GammaBound (9.7s)
✔ [8934/9069] Built OAI.NumberTheory.SiegelZeros.Differentials.ZetaLogDerivative (9.9s)
✔ [8935/9069] Built OAI.NumberTheory.SiegelZeros.Structure.MasterContradiction (9.5s)
✔ [8936/9074] Built OAI.NumberTheory.SiegelZeros.LocalAlgebra.BoxPolynomials (6.6s)
✔ [8937/9075] Built OAI.NumberTheory.SiegelZeros.Structure.OrderedBasis (9.6s)
✔ [8938/9075] Built OAI.NumberTheory.SiegelZeros.Selection.RowReplacement (9.4s)
✔ [8939/9075] Built OAI.NumberTheory.SiegelZeros.LocalAlgebra.ResidueField (9.3s)
✔ [8940/9077] Built OAI.NumberTheory.SiegelZeros.Estimates.FloorExponents (9.8s)
✔ [8941/9077] Built OAI.NumberTheory.SiegelZeros.Characters.ExceptionalConductor (9.2s)
✔ [8942/9077] Built OAI.NumberTheory.SiegelZeros.Estimates.PrimeBounds (10s)
✔ [8943/9077] Built OAI.NumberTheory.SiegelZeros.EntireFunctions.ZeroContribution (13s)
✔ [8944/9077] Built OAI.NumberTheory.SiegelZeros.Selection.InvariantBox (8.1s)
✔ [8945/9079] Built OAI.NumberTheory.SiegelZeros.LocalAlgebra.LocalizedRadical (9.2s)
✔ [8946/9082] Built OAI.NumberTheory.SiegelZeros.Differentials.DerivativeMatrix (9.5s)
✔ [8947/9083] Built OAI.NumberTheory.SiegelZeros.Differentials.DerivativeBound (11s)
✔ [8948/9087] Built OAI.NumberTheory.SiegelZeros.Estimates.AsymptoticAssembly (14s)
✔ [8949/9087] Built OAI.NumberTheory.SiegelZeros.Structure.FieldAutomorphisms (22s)
✔ [8950/9087] Built OAI.NumberTheory.SiegelZeros.Determinants.ThetaDivisibility (15s)
✔ [8951/9087] Built OAI.NumberTheory.SiegelZeros.Structure.GenericCombination (7.1s)
✔ [8952/9087] Built OAI.NumberTheory.SiegelZeros.Structure.RectangleGenerators (14s)
✔ [8953/9087] Built OAI.NumberTheory.SiegelZeros.Structure.CyclicPrimeFactor (8.1s)
✔ [8954/9087] Built OAI.NumberTheory.SiegelZeros.Selection.SelectionBridge (19s)
✔ [8955/9087] Built OAI.NumberTheory.SiegelZeros.Determinants.NormalizedCompletion (13s)
✔ [8956/9087] Built OAI.NumberTheory.SiegelZeros.LocalAlgebra.ParameterKilledFiniteLength (8.6s)
✔ [8957/9089] Built PrimeNumberTheoremAnd.SiegelZeros.Products (33s)
✔ [8958/9089] Built OAI.NumberTheory.SiegelZeros.LocalAlgebra.ConePrimeLocalization (22s)
✔ [8959/9089] Built OAI.NumberTheory.SiegelZeros.Characters.SquarefreeRadicands (9.1s)
✔ [8960/9089] Built OAI.NumberTheory.SiegelZeros.Structure.EndomorphismEulerAdditivity (11s)
✔ [8961/9089] Built OAI.NumberTheory.SiegelZeros.Structure.GaussLegendre (7.7s)
✔ [8962/9090] Built OAI.NumberTheory.SiegelZeros.Structure.SignedDiscriminant (8.3s)
✔ [8963/9090] Built OAI.NumberTheory.SiegelZeros.Intersection.IsolatedIntersectionSteps (6.8s)
✔ [8964/9090] Built PrimeNumberTheoremAnd.SiegelZeros.Counting (42s)
✔ [8965/9090] Built OAI.NumberTheory.SiegelZeros.Structure.ThetaJetBridge (8.9s)
✔ [8966/9090] Built OAI.NumberTheory.SiegelZeros.Structure.RealCutoff (7.0s)
✔ [8967/9090] Built OAI.NumberTheory.SiegelZeros.Structure.FiniteLower (10s)
✔ [8968/9093] Built OAI.NumberTheory.SiegelZeros.Structure.FiberCount (9.4s)
✔ [8969/9093] Built OAI.NumberTheory.SiegelZeros.LocalAlgebra.LocalizedFiltrationLength (12s)
✔ [8970/9095] Built OAI.NumberTheory.SiegelZeros.Differentials.GammaFactorDerivative (11s)
✔ [8971/9095] Built OAI.NumberTheory.SiegelZeros.Hilbert.ConeHomogeneousEquations (8.9s)
✔ [8972/9096] Built OAI.NumberTheory.SiegelZeros.Hilbert.PrimeHilbertDimension (9.8s)
✔ [8973/9098] Built OAI.NumberTheory.SiegelZeros.EntireFunctions.PolynomialGrowthRanks (9.3s)
✔ [8974/9103] Built OAI.NumberTheory.SiegelZeros.Selection.OrderedGreedyRows (8.3s)
✔ [8975/9105] Built OAI.NumberTheory.SiegelZeros.Characters.CharacterLegendre (11s)
✔ [8976/9105] Built OAI.NumberTheory.SiegelZeros.Determinants.RectangleDeterminant (10s)
✔ [8977/9105] Built OAI.NumberTheory.SiegelZeros.Hilbert.HomogeneousSections (7.1s)
✔ [8978/9105] Built OAI.NumberTheory.SiegelZeros.Selection.PivotReindexing (10s)
✔ [8979/9107] Built OAI.NumberTheory.SiegelZeros.Hilbert.HomogeneousComponentLength (10s)
✔ [8980/9112] Built OAI.NumberTheory.SiegelZeros.LocalAlgebra.StabilizedColonPowers (8.4s)
✔ [8981/9115] Built OAI.NumberTheory.SiegelZeros.Selection.EventuallyPivots (20s)
✔ [8982/9115] Built OAI.NumberTheory.SiegelZeros.LocalAlgebra.TriangularLocalParametersTransport (26s)
✔ [8983/9117] Built OAI.NumberTheory.SiegelZeros.LocalAlgebra.PolynomialCumulative (13s)
✔ [8984/9117] Built OAI.NumberTheory.SiegelZeros.EntireFunctions.FiniteNormalizationGrowth (17s)
✔ [8985/9117] Built OAI.NumberTheory.SiegelZeros.LocalAlgebra.RegularParameterSelection (16s)
✔ [8986/9119] Built OAI.NumberTheory.SiegelZeros.Intersection.AffineTranscendenceDimension (17s)
✔ [8987/9123] Built PrimeNumberTheoremAnd.SiegelZeros.DivisorBasics (40s)
✔ [8988/9125] Built OAI.NumberTheory.SiegelZeros.LocalAlgebra.PrimeResidueAlgebraEquiv (13s)
✔ [8989/9125] Built OAI.NumberTheory.SiegelZeros.Structure.GaussFixedField (25s)
✔ [8990/9126] Built OAI.NumberTheory.SiegelZeros.LocalAlgebra.PolynomialCoefficientLocalization (16s)
✔ [8991/9126] Built OAI.NumberTheory.SiegelZeros.LocalAlgebra.QuotientPrimeResidueBasis (9.6s)
✔ [8992/9129] Built OAI.NumberTheory.SiegelZeros.Intersection.TorusProjectiveClosure (32s)
✔ [8993/9129] Built OAI.NumberTheory.SiegelZeros.Determinants.DeterminantComparison (17s)
✔ [8994/9129] Built OAI.NumberTheory.SiegelZeros.LocalAlgebra.CoordinateQuotientGrading (25s)
✔ [8995/9129] Built OAI.NumberTheory.SiegelZeros.LocalAlgebra.CoefficientLocalizationMaximal (24s)
✔ [8996/9130] Built OAI.NumberTheory.SiegelZeros.LocalAlgebra.LocalLength (5.9s)
✔ [8997/9130] Built OAI.NumberTheory.SiegelZeros.LocalAlgebra.AffineResidueTranscendence (11s)
✔ [8998/9130] Built OAI.NumberTheory.SiegelZeros.LocalAlgebra.ParameterCombinations (5.3s)
✔ [8999/9134] Built PrimeNumberTheoremAnd.SiegelZeros.CartanBounds (45s)
✔ [9000/9141] Built OAI.NumberTheory.SiegelZeros.Structure.ComponentHeight (7.6s)
✔ [9001/9142] Built OAI.NumberTheory.SiegelZeros.LocalAlgebra.GaussMinimalPolynomial (9.5s)
✔ [9002/9142] Built OAI.NumberTheory.SiegelZeros.LocalAlgebra.ConeRegularSequence (14s)
✔ [9003/9142] Built OAI.NumberTheory.SiegelZeros.Structure.FinsuppCandidates (8.0s)
✔ [9004/9142] Built OAI.NumberTheory.SiegelZeros.Structure.IdentityHeight (14s)
✔ [9005/9144] Built OAI.NumberTheory.SiegelZeros.EntireFunctions.RegularSequenceHomZero (9.9s)
✔ [9006/9146] Built OAI.NumberTheory.SiegelZeros.Differentials.ConormalPairing (9.4s)
✔ [9007/9147] Built OAI.NumberTheory.SiegelZeros.Selection.SplitCoordinateClosedPoint (14s)
✔ [9008/9147] Built OAI.NumberTheory.SiegelZeros.LocalAlgebra.ConeQuotientAugmentation (15s)
✔ [9009/9147] Built OAI.NumberTheory.SiegelZeros.Intersection.LocalIntersectionFormula (36s)
✔ [9010/9147] Built OAI.NumberTheory.SiegelZeros.Characters.GaussSquarefreeBridge (15s)
✔ [9011/9147] Built OAI.NumberTheory.SiegelZeros.Determinants.NormalDirectionSelection (10s)
✔ [9012/9147] Built OAI.NumberTheory.SiegelZeros.LocalAlgebra.ParameterIntegration (11s)
✔ [9013/9152] Built OAI.NumberTheory.SiegelZeros.Hilbert.HilbertZeroVariables (22s)
✔ [9014/9152] Built OAI.NumberTheory.SiegelZeros.Determinants.IntegralGaussReduction (14s)
✔ [9015/9153] Built OAI.NumberTheory.SiegelZeros.Structure.ConcreteArchimedean (24s)
✔ [9016/9153] Built OAI.NumberTheory.SiegelZeros.LocalAlgebra.JetCoefficients (10s)
✔ [9017/9153] Built OAI.NumberTheory.SiegelZeros.Differentials.SmoothConormalExtension (7.7s)
✔ [9018/9153] Built OAI.NumberTheory.SiegelZeros.Intersection.TorusPolynomial (13s)
✔ [9019/9155] Built OAI.NumberTheory.SiegelZeros.LocalAlgebra.DVRLocalCoordinates (9.1s)
✔ [9020/9156] Built OAI.NumberTheory.SiegelZeros.LocalAlgebra.ColonSeriesTelescope (5.9s)
✔ [9021/9156] Built OAI.NumberTheory.SiegelZeros.LocalAlgebra.LocalizedOneCutPropagation (9.1s)
✔ [9022/9156] Built OAI.NumberTheory.SiegelZeros.LocalAlgebra.RegularSequenceSeries (8.1s)
✔ [9023/9156] Built OAI.NumberTheory.SiegelZeros.Structure.SplitClosedPointCompatibility (12s)
✔ [9024/9156] Built OAI.NumberTheory.SiegelZeros.Characters.CharacterFrobenius (7.7s)
✔ [9025/9158] Built OAI.NumberTheory.SiegelZeros.Estimates.GlobalConstants (8.0s)
✔ [9026/9159] Built OAI.NumberTheory.SiegelZeros.LocalAlgebra.ResidueIndependence (6.5s)
✔ [9027/9159] Built OAI.NumberTheory.SiegelZeros.LocalAlgebra.RegularPrefixLocalization (16s)
✔ [9028/9161] Built OAI.NumberTheory.SiegelZeros.Structure.KoszulDualStep (18s)
✔ [9029/9161] Built OAI.NumberTheory.SiegelZeros.Intersection.NormalIntersection (8.5s)
✔ [9030/9161] Built PrimeNumberTheoremAnd.SiegelZeros.DivisorProducts (46s)
✔ [9031/9163] Built OAI.NumberTheory.SiegelZeros.Structure.CodimensionOne (10s)
✔ [9032/9163] Built OAI.NumberTheory.SiegelZeros.Determinants.GenericNormalizationFinite (16s)
✔ [9033/9163] Built OAI.NumberTheory.SiegelZeros.Differentials.DerivativeGeneratorBridge (13s)
✔ [9034/9163] Built OAI.NumberTheory.SiegelZeros.Differentials.ConormalNonvanishing (8.6s)
✔ [9035/9163] Built OAI.NumberTheory.SiegelZeros.Structure.Radicand (11s)
✔ [9036/9166] Built OAI.NumberTheory.SiegelZeros.LocalAlgebra.RegularSequenceAugmentation (9.7s)
✔ [9037/9167] Built OAI.NumberTheory.SiegelZeros.Structure.DvrFractions (9.5s)
✔ [9038/9167] Built OAI.NumberTheory.SiegelZeros.Determinants.GeneratedGreedyDivisibility (24s)
✔ [9039/9167] Built OAI.NumberTheory.SiegelZeros.Estimates.KoszulBounded (11s)
✔ [9040/9175] Built OAI.NumberTheory.SiegelZeros.Intersection.LocalPrefixCutDimension (11s)
✔ [9041/9175] Built OAI.NumberTheory.SiegelZeros.LocalAlgebra.GenericRegularity (12s)
✔ [9042/9175] Built OAI.NumberTheory.SiegelZeros.LocalAlgebra.RingLength (8.3s)
✔ [9043/9175] Built OAI.NumberTheory.SiegelZeros.Estimates.RectangleNumerics (11s)
✔ [9044/9178] Built OAI.NumberTheory.SiegelZeros.Hilbert.ProperHypersurfaceHilbert (24s)
✔ [9045/9178] Built OAI.NumberTheory.SiegelZeros.Structure.KoszulTopTerm (10s)
✔ [9046/9178] Built OAI.NumberTheory.SiegelZeros.Intersection.DivisorSmoothness (15s)
✔ [9047/9181] Built OAI.NumberTheory.SiegelZeros.Characters.CharacterDeterminant (13s)
✔ [9048/9181] Built OAI.NumberTheory.SiegelZeros.LocalAlgebra.RectangularLocalization (7.7s)
✔ [9049/9183] Built OAI.NumberTheory.SiegelZeros.Structure.IteratedKoszulExactness (17s)
✔ [9050/9186] Built OAI.NumberTheory.SiegelZeros.Differentials.SelectedCotangent (45s)
✔ [9051/9186] Built OAI.NumberTheory.SiegelZeros.LocalAlgebra.PolynomialBridge (8.5s)
✔ [9052/9186] Built OAI.NumberTheory.SiegelZeros.Structure.GradedGeneration (12s)
✔ [9053/9186] Built OAI.NumberTheory.SiegelZeros.Structure.HeightFourIdentity (16s)
✔ [9054/9187] Built OAI.NumberTheory.SiegelZeros.LocalAlgebra.AffineClosedPointLocalization (44s)
✔ [9055/9190] Built OAI.NumberTheory.SiegelZeros.LocalAlgebra.ResidueMap (27s)
✔ [9056/9190] Built PrimeNumberTheoremAnd.SiegelZeros.DivisorLimits (36s)
✔ [9057/9191] Built OAI.NumberTheory.SiegelZeros.Selection.Directions (14s)
✔ [9058/9195] Built OAI.NumberTheory.SiegelZeros.Structure.OmegaIndependence (10s)
✔ [9059/9195] Built OAI.NumberTheory.SiegelZeros.LocalAlgebra.ScalarExtension (13s)
✔ [9060/9195] Built OAI.NumberTheory.SiegelZeros.Differentials.KoszulTopDifferential (21s)
✔ [9061/9195] Built OAI.NumberTheory.SiegelZeros.Differentials.CotangentGeneration (10s)
✔ [9062/9195] Built OAI.NumberTheory.SiegelZeros.Structure.Factorization (16s)
✔ [9063/9195] Built OAI.NumberTheory.SiegelZeros.Structure.CanonicalDivisorScalars (23s)
✔ [9064/9195] Built OAI.NumberTheory.SiegelZeros.Structure.ConcreteArchimedeanBridge (14s)
✔ [9065/9195] Built OAI.NumberTheory.SiegelZeros.Characters.PrimeTerms (12s)
✔ [9066/9195] Built OAI.NumberTheory.SiegelZeros.Determinants.NormalSurjectivity (16s)
✔ [9067/9195] Built OAI.NumberTheory.SiegelZeros.Selection.CoordinateBasisSplitting (14s)
✔ [9068/9195] Built OAI.NumberTheory.SiegelZeros.EntireFunctions.AnalyticBridge (11s)
✔ [9069/9198] Built OAI.NumberTheory.SiegelZeros.Hilbert.PrimeHilbertComparison (30s)
✔ [9070/9201] Built OAI.NumberTheory.SiegelZeros.LocalAlgebra.LocalResidueTaylor (13s)
✔ [9071/9208] Built OAI.NumberTheory.SiegelZeros.EntireFunctions.ZeroShellBounds (15s)
✔ [9072/9208] Built OAI.NumberTheory.SiegelZeros.Structure.KoszulDualInitial (16s)
✔ [9073/9208] Built OAI.NumberTheory.SiegelZeros.Selection.CoordinateConstancy (15s)
✔ [9074/9214] Built OAI.NumberTheory.SiegelZeros.Structure.PrimeDegreeExistence (14s)
✔ [9075/9214] Built OAI.NumberTheory.SiegelZeros.LocalAlgebra.PolynomialLocalRegularParameters (17s)
✔ [9076/9214] Built OAI.NumberTheory.SiegelZeros.Structure.RealBridge (19s)
✔ [9077/9214] Built OAI.NumberTheory.SiegelZeros.LocalAlgebra.GlobalStalkExtension (21s)
✔ [9078/9214] Built OAI.NumberTheory.SiegelZeros.LocalAlgebra.GenericResidueFunctionField (22s)
✔ [9079/9219] Built OAI.NumberTheory.SiegelZeros.LocalAlgebra.ParameterChoices (10s)
✔ [9080/9220] Built OAI.NumberTheory.SiegelZeros.EntireFunctions.EntireLogarithm (13s)
✔ [9081/9222] Built PrimeNumberTheoremAnd.SiegelZeros.Factorization (36s)
✔ [9083/9242] Built OAI.NumberTheory.SiegelZeros.Estimates.ContrarySequence (12s)
✔ [9084/9242] Built OAI.NumberTheory.SiegelZeros.LocalAlgebra.LocalGap (12s)
✔ [9085/9242] Built OAI.NumberTheory.SiegelZeros.Hilbert.HilbertMultiplicityFiltration (14s)
✔ [9086/9242] Built OAI.NumberTheory.SiegelZeros.EntireFunctions.IndexedProduct (38s)
✔ [9087/9242] Built OAI.NumberTheory.SiegelZeros.Structure.EventuallyInputs (10s)
✔ [9088/9242] Built OAI.NumberTheory.SiegelZeros.Model (19s)
✔ [9089/9242] Built OAI.NumberTheory.SiegelZeros.Characters.BoundedConductor (15s)
✔ [9090/9242] Built OAI.NumberTheory.SiegelZeros.Intersection.PrimeHypersurfaceEquidimension (21s)
✔ [9091/9242] Built OAI.NumberTheory.SiegelZeros.Differentials.UnconditionalGlobalLogform (26s)
✔ [9092/9242] Built OAI.NumberTheory.SiegelZeros.Selection.EventualSelection (14s)
✔ [9093/9242] Built OAI.NumberTheory.SiegelZeros.Estimates.ComponentMultiplicityBound (18s)
✔ [9094/9242] Built OAI.NumberTheory.SiegelZeros.Structure.PrimeCutBudget (18s)
✔ [9095/9242] Built OAI.NumberTheory.SiegelZeros.Structure.AffineFactor (19s)
✔ [9096/9242] Built OAI.NumberTheory.SiegelZeros.LocalAlgebra.RegularParameterSelectionLemmas (31s)
✔ [9097/9242] Built OAI.NumberTheory.SiegelZeros.EntireFunctions.AffineCircles (11s)
✔ [9098/9242] Built OAI.NumberTheory.SiegelZeros.Estimates.GenuineSequence (22s)
✔ [9099/9242] Built OAI.NumberTheory.SiegelZeros.Intersection.RetainedIntersectionCycles (17s)
✔ [9100/9242] Built OAI.NumberTheory.SiegelZeros.Intersection.CompleteIntersectionComponentBound (18s)
✔ [9101/9242] Built PrimeNumberTheoremAnd.SiegelZeros.Summability (44s)
✔ [9102/9242] Built OAI.NumberTheory.SiegelZeros.Structure.SelectedComponentTaylor (61s)
✔ [9103/9242] Built OAI.NumberTheory.SiegelZeros.Estimates.AffineAsymptotics (8.9s)
✔ [9104/9242] Built PrimeNumberTheoremAnd.SiegelZeros.ProductBounds (80s)
✔ [9105/9242] Built OAI.NumberTheory.SiegelZeros.LocalAlgebra.SequenceParameters (11s)
✔ [9106/9242] Built OAI.NumberTheory.SiegelZeros.Structure.MultiplicityCycles (9.7s)
✔ [9107/9242] Built OAI.NumberTheory.SiegelZeros.LocalAlgebra.SelectedLengthContradiction (6.5s)
✔ [9108/9242] Built OAI.NumberTheory.SiegelZeros.Structure.Augmentation (5.7s)
✔ [9109/9242] Built OAI.NumberTheory.SiegelZeros.LocalAlgebra.RegularCutHistory (11s)
✔ [9110/9242] Built OAI.NumberTheory.SiegelZeros.Structure.RectanglePresentation (10s)
✔ [9111/9242] Built OAI.NumberTheory.SiegelZeros.Determinants.NormalSelection (42s)
✔ [9112/9242] Built OAI.NumberTheory.SiegelZeros.Differentials.RectangleCotangentBasis (7.6s)
✔ [9113/9242] Built OAI.NumberTheory.SiegelZeros.Hilbert.HomogeneousListHistory (9.2s)
✔ [9114/9242] Built PrimeNumberTheoremAnd.SiegelZeros.Exponential (28s)
