Running as unit: run-u0.service; invocation ID: a4324fb9d37040f8b0840d981dd7f5a4
warning: PrimeNumberTheoremAnd: repository '/home/checker/math/lean/.lake/packages/PBuilding ComparatorChallenges.SiegelZeros
⚠ [8924/8924] Replayed ComparatorChallenges.SiegelZeros
warning: ComparatorChallenges/SiegelZeros.lean:8:8: declaration uses `sorry`
warning: ComparatorChallenges/SiegelZeros.lean:19:8: declaration uses `sorry`
Build completed successfully (8924 jobs).
Exporting #[Quot, Quot.mk, Quot.lift, Quot.ind, OAI.SiegelZeros.WeightedTorusJets.exists_absolute_real_zero_gap, OAI.SiegelZeros.WeightedTorusJets.dirichletRealZeroBound_proof, propext, Classical.choice, Quot.sound, Nat.add, Nat.sub, Nat.mul, Nat.pow, Nat.gcd, Nat.div, Nat.mod, Nat.beq, Nat.ble, Nat.land, Nat.lor, Nat.xor, Nat.shiftLeft, Nat.shiftRight, String.ofList, Char.ofNat, List, eagerReduce, Nat, String, String.mk, Char, optParam, autoParam, semiOutParam, outParam] from ComparatorChallenges.SiegelZeros
Building OAI.NumberTheory.SiegelZeros.Main
Build completed successfully (9242 jobs).
Exporting #[Quot, Quot.mk, Quot.lift, Quot.ind, OAI.SiegelZeros.WeightedTorusJets.exists_absolute_real_zero_gap, OAI.SiegelZeros.WeightedTorusJets.dirichletRealZeroBound_proof, propext, Classical.choice, Quot.sound, Nat.add, Nat.sub, Nat.mul, Nat.pow, Nat.gcd, Nat.div, Nat.mod, Nat.beq, Nat.ble, Nat.land, Nat.lor, Nat.xor, Nat.shiftLeft, Nat.shiftRight, String.ofList, Char.ofNat, List, eagerReduce, Nat, String, String.mk, Char, optParam, autoParam, semiOutParam, outParam] from OAI.NumberTheory.SiegelZeros.Main
Running nanoda kernel on solution
nanoda kernel accepts the solution
Running Lean default kernel on solution.
Lean default kernel accepts the solution
Your solution is okay!
COMPARATOR EXIT CODE: 0
Thu Oct  8 14:18:02 EDT 2026
ker/math/lean/.lake/packages/AINTLIB' has local changes
warning: AbsorptionCutoff: repository '/home/checker/math/lean/.lake/packages/AbsorptionCutoff' has local changes
warning: StrongPNT: repository '/home/checker/math/lean/.lake/packages/StrongPNT' has local changes
warning: carleson: repository '/home/checker/math/lean/.lake/packages/carleson' has local changes
warning: rellich-kondrachov: repository '/home/checker/math/lean/.lake/packages/rellich-kondrachov' has local changes
warning: Zeta3Irrational: repository '/home/checker/math/lean/.lake/packages/Zeta3Irrational' has local changes
warning: fixed-point-theorems: repository '/home/checker/math/lean/.lake/packages/fixed-point-theorems' has local changes
warning: PrimeNumberTheoremAnd: repository '/home/checker/math/lean/.lake/packages/PrimeNumberTheoremAnd' has local changes
warning: belyi: repository '/home/checker/math/lean/.lake/packages/belyi' has local changes
warning: formal-schemes: repository '/home/checker/math/lean/.lake/packages/formal-schemes' has local changes
warning: elliptic-curves: repository '/home/checker/math/lean/.lake/packages/elliptic-curves' has local changes
warning: tempered-fundamental-groups: repository '/home/checker/math/lean/.lake/packages/tempered-fundamental-groups' has local changes
warning: oka: repository '/home/checker/math/lean/.lake/packages/oka' has local changes
warning: orbicurve-cores: repository '/home/checker/math/lean/.lake/packages/orbicurve-cores' has local changes
warning: pi1: repository '/home/checker/math/lean/.lake/packages/pi1' has local changes
warning: heights: repository '/home/checker/math/lean/.lake/packages/heights' has local changes
warning: genl: repository '/home/checker/math/lean/.lake/packages/genl' has local changes
warning: tate-curves-theta: repository '/home/checker/math/lean/.lake/packages/tate-curves-theta' has local changes
warning: iut: repository '/home/checker/math/lean/.lake/packages/iut' has local changes
warning: gromov: repository '/home/checker/math/lean/.lake/packages/gromov' has local changes
warning: SphereEversion: repository '/home/checker/math/lean/.lake/packages/SphereEversion' has local changes
warning: schoenflies-lean: repository '/home/checker/math/lean/.lake/packages/schoenflies-lean' has local changes
warning: ClassFieldTheory: repository '/home/checker/math/lean/.lake/packages/ClassFieldTheory' has local changes
warning: AINTLIB: repository '/home/checker/math/lean/.lake/packages/AINTLIB' has local changes
warning: AbsorptionCutoff: repository '/home/checker/math/lean/.lake/packages/AbsorptionCutoff' has local changes
warning: StrongPNT: repository '/home/checker/math/lean/.lake/packages/StrongPNT' has local changes
warning: carleson: repository '/home/checker/math/lean/.lake/packages/carleson' has local changes
warning: rellich-kondrachov: repository '/home/checker/math/lean/.lake/packages/rellich-kondrachov' has local changes
warning: Zeta3Irrational: repository '/home/checker/math/lean/.lake/packages/Zeta3Irrational' has local changes
warning: fixed-point-theorems: repository '/home/checker/math/lean/.lake/packages/fixed-point-theorems' has local changes
warning: PrimeNumberTheoremAnd: repository '/home/checker/math/lean/.lake/packages/PrimeNumberTheoremAnd' has local changes
warning: belyi: repository '/home/checker/math/lean/.lake/packages/belyi' has local changes
warning: formal-schemes: repository '/home/checker/math/lean/.lake/packages/formal-schemes' has local changes
warning: elliptic-curves: repository '/home/checker/math/lean/.lake/packages/elliptic-curves' has local changes
warning: tempered-fundamental-groups: repository '/home/checker/math/lean/.lake/packages/tempered-fundamental-groups' has local changes
warning: oka: repository '/home/checker/math/lean/.lake/packages/oka' has local changes
warning: orbicurve-cores: repository '/home/checker/math/lean/.lake/packages/orbicurve-cores' has local changes
warning: pi1: repository '/home/checker/math/lean/.lake/packages/pi1' has local changes
warning: heights: repository '/home/checker/math/lean/.lake/packages/heights' has local changes
warning: genl: repository '/home/checker/math/lean/.lake/packages/genl' has local changes
warning: tate-curves-theta: repository '/home/checker/math/lean/.lake/packages/tate-curves-theta' has local changes
warning: iut: repository '/home/checker/math/lean/.lake/packages/iut' has local changes
warning: gromov: repository '/home/checker/math/lean/.lake/packages/gromov' has local changes
warning: SphereEversion: repository '/home/checker/math/lean/.lake/packages/SphereEversion' has local changes
warning: schoenflies-lean: repository '/home/checker/math/lean/.lake/packages/schoenflies-lean' has local changes
warning: ClassFieldTheory: repository '/home/checker/math/lean/.lake/packages/ClassFieldTheory' has local changes
warning: AINTLIB: repository '/home/checker/math/lean/.lake/packages/AINTLIB' has local changes
warning: AbsorptionCutoff: repository '/home/checker/math/lean/.lake/packages/AbsorptionCutoff' has local changes
warning: StrongPNT: repository '/home/checker/math/lean/.lake/packages/StrongPNT' has local changes
warning: carleson: repository '/home/checker/math/lean/.lake/packages/carleson' has local changes
warning: rellich-kondrachov: repository '/home/checker/math/lean/.lake/packages/rellich-kondrachov' has local changes
warning: Zeta3Irrational: repository '/home/checker/math/lean/.lake/packages/Zeta3Irrational' has local changes
warning: fixed-point-theorems: repository '/home/checker/math/lean/.lake/packages/fixed-point-theorems' has local changes
Finished with result: success
Main processes terminated with: code=exited/status=0
Service runtime: 14min 3.696s
