warning: PrimeNumberTheoremAnd: repository '/home/checker/math/lean/.lake/packages/PrimeNumberTheoremAnd' has local changes
warning: bel'NonVacuity.hypotheses_satisfiable' depends on axioms: [propext, Classical.choice, Quot.sound]
'NonVacuity.quadChar_LFunction_eq_LSeries' depends on axioms: [propext, Classical.choice, Quot.sound]
'NonVacuity.quadChar_LFunction_one_ne_zero' depends on axioms: [propext, Classical.choice, Quot.sound]
'NonVacuity.specialization' depends on axioms: [propext, Classical.choice, Quot.sound]
LEAN EXIT CODE: 0
mental-groups' has local changes
warning: oka: repository '/home/checker/math/lean/.lake/packages/oka' has local changes
warning: orbicurve-cores: repository '/home/checker/math/lean/.lake/packages/orbicurve-cores' has local changes
warning: pi1: repository '/home/checker/math/lean/.lake/packages/pi1' has local changes
warning: heights: repository '/home/checker/math/lean/.lake/packages/heights' has local changes
warning: genl: repository '/home/checker/math/lean/.lake/packages/genl' has local changes
warning: tate-curves-theta: repository '/home/checker/math/lean/.lake/packages/tate-curves-theta' has local changes
warning: iut: repository '/home/checker/math/lean/.lake/packages/iut' has local changes
warning: gromov: repository '/home/checker/math/lean/.lake/packages/gromov' has local changes
warning: SphereEversion: repository '/home/checker/math/lean/.lake/packages/SphereEversion' has local changes
warning: schoenflies-lean: repository '/home/checker/math/lean/.lake/packages/schoenflies-lean' has local changes
warning: ClassFieldTheory: repository '/home/checker/math/lean/.lake/packages/ClassFieldTheory' has local changes
warning: AINTLIB: repository '/home/checker/math/lean/.lake/packages/AINTLIB' has local changes
warning: AbsorptionCutoff: repository '/home/checker/math/lean/.lake/packages/AbsorptionCutoff' has local changes
warning: StrongPNT: repository '/home/checker/math/lean/.lake/packages/StrongPNT' has local changes
warning: carleson: repository '/home/checker/math/lean/.lake/packages/carleson' has local changes
warning: rellich-kondrachov: repository '/home/checker/math/lean/.lake/packages/rellich-kondrachov' has local changes
warning: Zeta3Irrational: repository '/home/checker/math/lean/.lake/packages/Zeta3Irrational' has local changes
warning: fixed-point-theorems: repository '/home/checker/math/lean/.lake/packages/fixed-point-theorems' has local changes

real	0m8.292s
user	0m5.643s
sys	0m2.905s
