Running as unit: run-u0.service; invocation ID: b1347d8f26f5436d88ff7430ae0f550e
warning: PrimeNumberTheoremAnd: repository '/home/checker/math/lean/.lake/packages/PrimeNumberTheoremAnd' has local changes
warning: belyi: repository '/home/checker/math/lean/.lake/packagCOMPARATOR EXIT CODE: 1
Thu Oct  8 11:43:58 EDT 2026
repository '/home/checker/math/lean/.lake/packages/formal-schemes' has local changes
warning: elliptic-curves: repository '/home/checker/math/lean/.lake/packages/elliptic-curves' has local changes
warning: tempered-fundamental-groups: repository '/home/checker/math/lean/.lake/packages/tempered-fundamental-groups' has local changes
warning: oka: repository '/home/checker/math/lean/.lake/packages/oka' has local changes
warning: orbicurve-cores: repository '/home/checker/math/lean/.lake/packages/orbicurve-cores' has local changes
warning: pi1: repository '/home/checker/math/lean/.lake/packages/pi1' has local changes
warning: heights: repository '/home/checker/math/lean/.lake/packages/heights' has local changes
warning: genl: repository '/home/checker/math/lean/.lake/packages/genl' has local changes
warning: tate-curves-theta: repository '/home/checker/math/lean/.lake/packages/tate-curves-theta' has local changes
warning: iut: repository '/home/checker/math/lean/.lake/packages/iut' has local changes
warning: gromov: repository '/home/checker/math/lean/.lake/packages/gromov' has local changes
warning: SphereEversion: repository '/home/checker/math/lean/.lake/packages/SphereEversion' has local changes
warning: schoenflies-lean: repository '/home/checker/math/lean/.lake/packages/schoenflies-lean' has local changes
warning: ClassFieldTheory: repository '/home/checker/math/lean/.lake/packages/ClassFieldTheory' has local changes
warning: AINTLIB: repository '/home/checker/math/lean/.lake/packages/AINTLIB' has local changes
warning: AbsorptionCutoff: repository '/home/checker/math/lean/.lake/packages/AbsorptionCutoff' has local changes
warning: StrongPNT: repository '/home/checker/math/lean/.lake/packages/StrongPNT' has local changes
warning: carleson: repository '/home/checker/math/lean/.lake/packages/carleson' has local changes
warning: rellich-kondrachov: repository '/home/checker/math/lean/.lake/packages/rellich-kondrachov' has local changes
warning: Zeta3Irrational: repository '/home/checker/math/lean/.lake/packages/Zeta3Irrational' has local changes
warning: fixed-point-theorems: repository '/home/checker/math/lean/.lake/packages/fixed-point-theorems' has local changes
info: aesop: URL has changed; deleting '/home/checker/math/lean/.lake/packages/aesop' and cloning again
error: read-only file system (error code: 30)
  file: /home/checker/math/lean/.lake/packages/aesop/.git/logs/refs
Finished with result: exit-code
Main processes terminated with: code=exited/status=1
Service runtime: 13.704s
